Archive member included to satisfy reference by file (symbol)

d:/program files (x86)/atmel/studio/7.0/toolchain/arm/arm-gnu-toolchain/bin/../lib/gcc/arm-none-eabi/6.3.1/thumb/v6-m\libgcc.a(_udivsi3.o)
                              src/printf-stdarg.o (__aeabi_uidiv)
d:/program files (x86)/atmel/studio/7.0/toolchain/arm/arm-gnu-toolchain/bin/../lib/gcc/arm-none-eabi/6.3.1/thumb/v6-m\libgcc.a(_dvmd_tls.o)
                              d:/program files (x86)/atmel/studio/7.0/toolchain/arm/arm-gnu-toolchain/bin/../lib/gcc/arm-none-eabi/6.3.1/thumb/v6-m\libgcc.a(_udivsi3.o) (__aeabi_idiv0)
d:/program files (x86)/atmel/studio/7.0/toolchain/arm/arm-gnu-toolchain/bin/../lib/gcc/arm-none-eabi/6.3.1/thumb/v6-m\libgcc.a(_aeabi_uldivmod.o)
                              src/ASF/sam0/drivers/sercom/sercom.o (__aeabi_uldivmod)
d:/program files (x86)/atmel/studio/7.0/toolchain/arm/arm-gnu-toolchain/bin/../lib/gcc/arm-none-eabi/6.3.1/thumb/v6-m\libgcc.a(_udivmoddi4.o)
                              d:/program files (x86)/atmel/studio/7.0/toolchain/arm/arm-gnu-toolchain/bin/../lib/gcc/arm-none-eabi/6.3.1/thumb/v6-m\libgcc.a(_aeabi_uldivmod.o) (__udivmoddi4)
d:/program files (x86)/atmel/studio/7.0/toolchain/arm/arm-gnu-toolchain/bin/../lib/gcc/arm-none-eabi/6.3.1/thumb/v6-m\libgcc.a(_clzdi2.o)
                              d:/program files (x86)/atmel/studio/7.0/toolchain/arm/arm-gnu-toolchain/bin/../lib/gcc/arm-none-eabi/6.3.1/thumb/v6-m\libgcc.a(_udivmoddi4.o) (__clzdi2)
d:/program files (x86)/atmel/studio/7.0/toolchain/arm/arm-gnu-toolchain/bin/../lib/gcc/arm-none-eabi/6.3.1/thumb/v6-m\libgcc.a(_clzsi2.o)
                              d:/program files (x86)/atmel/studio/7.0/toolchain/arm/arm-gnu-toolchain/bin/../lib/gcc/arm-none-eabi/6.3.1/thumb/v6-m\libgcc.a(_clzdi2.o) (__clzsi2)
d:/program files (x86)/atmel/studio/7.0/toolchain/arm/arm-gnu-toolchain/bin/../lib/gcc/arm-none-eabi/6.3.1/../../../../arm-none-eabi/lib/thumb/v6-m\libc.a(lib_a-exit.o)
                              d:/program files (x86)/atmel/studio/7.0/toolchain/arm/arm-gnu-toolchain/bin/../lib/gcc/arm-none-eabi/6.3.1/../../../../arm-none-eabi/lib/thumb/v6-m/crt0.o (exit)
d:/program files (x86)/atmel/studio/7.0/toolchain/arm/arm-gnu-toolchain/bin/../lib/gcc/arm-none-eabi/6.3.1/../../../../arm-none-eabi/lib/thumb/v6-m\libc.a(lib_a-impure.o)
                              d:/program files (x86)/atmel/studio/7.0/toolchain/arm/arm-gnu-toolchain/bin/../lib/gcc/arm-none-eabi/6.3.1/../../../../arm-none-eabi/lib/thumb/v6-m\libc.a(lib_a-exit.o) (_global_impure_ptr)
d:/program files (x86)/atmel/studio/7.0/toolchain/arm/arm-gnu-toolchain/bin/../lib/gcc/arm-none-eabi/6.3.1/../../../../arm-none-eabi/lib/thumb/v6-m\libc.a(lib_a-init.o)
                              d:/program files (x86)/atmel/studio/7.0/toolchain/arm/arm-gnu-toolchain/bin/../lib/gcc/arm-none-eabi/6.3.1/../../../../arm-none-eabi/lib/thumb/v6-m/crt0.o (__libc_init_array)
d:/program files (x86)/atmel/studio/7.0/toolchain/arm/arm-gnu-toolchain/bin/../lib/gcc/arm-none-eabi/6.3.1/../../../../arm-none-eabi/lib/thumb/v6-m\libc.a(lib_a-memcpy-stub.o)
                              src/Sample-CLI-commands.o (memcpy)
d:/program files (x86)/atmel/studio/7.0/toolchain/arm/arm-gnu-toolchain/bin/../lib/gcc/arm-none-eabi/6.3.1/../../../../arm-none-eabi/lib/thumb/v6-m\libc.a(lib_a-memset.o)
                              d:/program files (x86)/atmel/studio/7.0/toolchain/arm/arm-gnu-toolchain/bin/../lib/gcc/arm-none-eabi/6.3.1/../../../../arm-none-eabi/lib/thumb/v6-m/crt0.o (memset)
d:/program files (x86)/atmel/studio/7.0/toolchain/arm/arm-gnu-toolchain/bin/../lib/gcc/arm-none-eabi/6.3.1/../../../../arm-none-eabi/lib/thumb/v6-m\libc.a(lib_a-strcpy.o)
                              src/Sample-CLI-commands.o (strcpy)
d:/program files (x86)/atmel/studio/7.0/toolchain/arm/arm-gnu-toolchain/bin/../lib/gcc/arm-none-eabi/6.3.1/../../../../arm-none-eabi/lib/thumb/v6-m\libc.a(lib_a-strlen-stub.o)
                              src/Sample-CLI-commands.o (strlen)
d:/program files (x86)/atmel/studio/7.0/toolchain/arm/arm-gnu-toolchain/bin/../lib/gcc/arm-none-eabi/6.3.1/../../../../arm-none-eabi/lib/thumb/v6-m\libc.a(lib_a-strncat.o)
                              src/Sample-CLI-commands.o (strncat)
d:/program files (x86)/atmel/studio/7.0/toolchain/arm/arm-gnu-toolchain/bin/../lib/gcc/arm-none-eabi/6.3.1/../../../../arm-none-eabi/lib/thumb/v6-m\libc.a(lib_a-strncmp.o)
                              src/FreeRTOS-CLI/FreeRTOS_CLI.o (strncmp)
d:/program files (x86)/atmel/studio/7.0/toolchain/arm/arm-gnu-toolchain/bin/../lib/gcc/arm-none-eabi/6.3.1/../../../../arm-none-eabi/lib/thumb/v6-m\libc.a(lib_a-strncpy.o)
                              src/FreeRTOS-CLI/FreeRTOS_CLI.o (strncpy)
d:/program files (x86)/atmel/studio/7.0/toolchain/arm/arm-gnu-toolchain/bin/../lib/gcc/arm-none-eabi/6.3.1/../../../../arm-none-eabi/lib/thumb/v6-m\libc.a(lib_a-__call_atexit.o)
[...]
Memory Configuration

Name             Origin             Length             Attributes
rom              0x00000000         0x00040000         xr
ram              0x20000000         0x00008000         xrw
*default*        0x00000000         0xffffffff

Linker script and memory map

LOAD d:/program files (x86)/atmel/studio/7.0/toolchain/arm/arm-gnu-toolchain/bin/../lib/gcc/arm-none-eabi/6.3.1/thumb/v6-m/crti.o
LOAD d:/program files (x86)/atmel/studio/7.0/toolchain/arm/arm-gnu-toolchain/bin/../lib/gcc/arm-none-eabi/6.3.1/thumb/v6-m/crtbegin.o
LOAD d:/program files (x86)/atmel/studio/7.0/toolchain/arm/arm-gnu-toolchain/bin/../lib/gcc/arm-none-eabi/6.3.1/../../../../arm-none-eabi/lib/thumb/v6-m/crt0.o
LOAD src/Common-Demo-Tasks/blocktim.o
LOAD src/Common-Demo-Tasks/countsem.o
LOAD src/Common-Demo-Tasks/dynamic.o
LOAD src/Common-Demo-Tasks/GenQTest.o
LOAD src/Common-Demo-Tasks/QPeek.o
LOAD src/Common-Demo-Tasks/QueueOverwrite.o
LOAD src/Common-Demo-Tasks/QueueSet.o
LOAD src/Common-Demo-Tasks/recmutex.o
LOAD src/main-blinky.o
LOAD src/main-full.o
LOAD src/printf-stdarg.o
LOAD src/RegTest.o
LOAD src/Sample-CLI-commands.o
LOAD src/UARTCommandConsole.o
LOAD src/FreeRTOS-CLI/FreeRTOS_CLI.o
LOAD src/FreeRTOS-Source/list.o
LOAD src/FreeRTOS-Source/portable/port.o
LOAD src/FreeRTOS-Source/portable/heap_4.o
LOAD src/FreeRTOS-Source/queue.o
LOAD src/FreeRTOS-Source/tasks.o
LOAD src/FreeRTOS-Source/timers.o
LOAD src/ASF/sam0/drivers/sercom/sercom.o
LOAD src/ASF/sam0/drivers/sercom/sercom_interrupt.o
LOAD src/ASF/sam0/drivers/sercom/usart/usart.o
LOAD src/ASF/sam0/drivers/sercom/usart/usart_interrupt.o
LOAD src/main.o
LOAD src/ASF/common/utils/interrupt/interrupt_sam_nvic.o
LOAD src/ASF/sam0/boards/samd20_xplained_pro/board_init.o
LOAD src/ASF/sam0/drivers/port/port.o
LOAD src/ASF/sam0/drivers/system/clock/clock.o
LOAD src/ASF/sam0/drivers/system/clock/gclk.o
LOAD src/ASF/sam0/drivers/system/interrupt/system_interrupt.o
LOAD src/ASF/sam0/drivers/system/pinmux/pinmux.o
LOAD src/ASF/sam0/drivers/system/system.o
LOAD src/ASF/sam0/utils/cmsis/samd20/source/gcc/startup_samd20.o
LOAD src/ASF/sam0/utils/cmsis/samd20/source/system_samd20.o
START GROUP
END GROUP
START GROUP
LOAD d:/program files (x86)/atmel/studio/7.0/toolchain/arm/arm-gnu-toolchain/bin/../lib/gcc/arm-none-eabi/6.3.1/thumb/v6-m\libgcc.a
LOAD d:/program files (x86)/atmel/studio/7.0/toolchain/arm/arm-gnu-toolchain/bin/../lib/gcc/arm-none-eabi/6.3.1/../../../../arm-none-eabi/lib/thumb/v6-m\libc.a
END GROUP
LOAD d:/program files (x86)/atmel/studio/7.0/toolchain/arm/arm-gnu-toolchain/bin/../lib/gcc/arm-none-eabi/6.3.1/thumb/v6-m/crtend.o
LOAD d:/program files (x86)/atmel/studio/7.0/toolchain/arm/arm-gnu-toolchain/bin/../lib/gcc/arm-none-eabi/6.3.1/thumb/v6-m/crtn.o
                0x00002000                STACK_SIZE = DEFINED (STACK_SIZE)?STACK_SIZE:0x2000

.text           0x00000000     0x3d98
                0x00000000                . = ALIGN (0x4)
                0x00000000                _sfixed = .
 *(.vectors .vectors.*)
 .vectors       0x00000000       0xa0 src/ASF/sam0/utils/cmsis/samd20/source/gcc/startup_samd20.o
                0x00000000                exception_table
 *(.text .text.* .gnu.linkonce.t.*)
 .text          0x000000a0       0x60 d:/program files (x86)/atmel/studio/7.0/toolchain/arm/arm-gnu-toolchain/bin/../lib/gcc/arm-none-eabi/6.3.1/thumb/v6-m/crtbegin.o
 .text.system_pinmux_get_group_from_gpio_pin
                0x00000100       0x60 src/main-blinky.o
 .text.port_get_group_from_gpio_pin
                0x00000160       0x24 src/main-blinky.o
 .text.port_pin_toggle_output_level
                0x00000184       0x3c src/main-blinky.o
 .text.main_blinky
                0x000001c0       0x74 src/main-blinky.o
                0x000001c0                main_blinky
 .text.prvQueueSendTask
                0x00000234       0x54 src/main-blinky.o
 .text.prvQueueReceiveTask
                0x00000288       0x44 src/main-blinky.o
 .text.vListInitialise
                0x000002cc       0x3c src/FreeRTOS-Source/list.o
                0x000002cc                vListInitialise
 .text.vListInitialiseItem
                0x00000308       0x16 src/FreeRTOS-Source/list.o
                0x00000308                vListInitialiseItem
 .text.vListInsertEnd
                0x0000031e       0x44 src/FreeRTOS-Source/list.o
                0x0000031e                vListInsertEnd
 .text.vListInsert
                0x00000362       0x6c src/FreeRTOS-Source/list.o
                0x00000362                vListInsert
 .text.uxListRemove
                0x000003ce       0x50 src/FreeRTOS-Source/list.o
                0x000003ce                uxListRemove
 *fill*         0x0000041e        0x2 
 .text.pxPortInitialiseStack
                0x00000420       0x54 src/FreeRTOS-Source/portable/port.o
                0x00000420                pxPortInitialiseStack
 .text.prvTaskExitError
                0x00000474       0x2c src/FreeRTOS-Source/portable/port.o
 .text.vPortStartFirstTask
                0x000004a0       0x38 src/FreeRTOS-Source/portable/port.o
 .text.xPortStartScheduler
                0x000004d8       0x58 src/FreeRTOS-Source/portable/port.o
                0x000004d8                xPortStartScheduler
 .text.vPortYield
                0x00000530       0x20 src/FreeRTOS-Source/portable/port.o
                0x00000530                vPortYield
 .text.vPortEnterCritical
                0x00000550       0x24 src/FreeRTOS-Source/portable/port.o
                0x00000550                vPortEnterCritical
 .text.vPortExitCritical
                0x00000574       0x30 src/FreeRTOS-Source/portable/port.o
                0x00000574                vPortExitCritical
 .text.ulSetInterruptMaskFromISR
                0x000005a4        0xc src/FreeRTOS-Source/portable/port.o
                0x000005a4                ulSetInterruptMaskFromISR
 .text.vClearInterruptMaskFromISR
                0x000005b0        0x8 src/FreeRTOS-Source/portable/port.o
                0x000005b0                vClearInterruptMaskFromISR
 *fill*         0x000005b8        0x8 
 .text.PendSV_Handler
                0x000005c0       0x48 src/FreeRTOS-Source/portable/port.o
                0x000005c0                PendSV_Handler
 .text.SysTick_Handler
                0x00000608       0x40 src/FreeRTOS-Source/portable/port.o
                0x00000608                SysTick_Handler
 .text.prvSetupTimerInterrupt
                0x00000648       0x48 src/FreeRTOS-Source/portable/port.o
 .text.pvPortMalloc
                0x00000690      0x168 src/FreeRTOS-Source/portable/heap_4.o
                0x00000690                pvPortMalloc
 .text.vPortFree
                0x000007f8       0x9c src/FreeRTOS-Source/portable/heap_4.o
                0x000007f8                vPortFree
 .text.prvHeapInit
                0x00000894       0xc0 src/FreeRTOS-Source/portable/heap_4.o
 .text.prvInsertBlockIntoFreeList
                0x00000954       0xb0 src/FreeRTOS-Source/portable/heap_4.o
 .text.xQueueGenericReset
                0x00000a04       0xbc src/FreeRTOS-Source/queue.o
                0x00000a04                xQueueGenericReset
 .text.xQueueGenericCreate
                0x00000ac0       0x70 src/FreeRTOS-Source/queue.o
                0x00000ac0                xQueueGenericCreate
 .text.prvInitialiseNewQueue
                0x00000b30       0x58 src/FreeRTOS-Source/queue.o
 .text.xQueueGenericSend
                0x00000b88      0x1f4 src/FreeRTOS-Source/queue.o
                0x00000b88                xQueueGenericSend
 .text.xQueueGenericSendFromISR
                0x00000d7c      0x120 src/FreeRTOS-Source/queue.o
                0x00000d7c                xQueueGenericSendFromISR
 .text.xQueueReceive
                0x00000e9c      0x1a0 src/FreeRTOS-Source/queue.o
                0x00000e9c                xQueueReceive
 .text.prvCopyDataToQueue
                0x0000103c       0xe0 src/FreeRTOS-Source/queue.o
 .text.prvCopyDataFromQueue
                0x0000111c       0x50 src/FreeRTOS-Source/queue.o
 .text.prvUnlockQueue
                0x0000116c       0xf0 src/FreeRTOS-Source/queue.o
 .text.prvIsQueueEmpty
                0x0000125c       0x34 src/FreeRTOS-Source/queue.o
 .text.prvIsQueueFull
                0x00001290       0x38 src/FreeRTOS-Source/queue.o
 .text.vQueueAddToRegistry
                0x000012c8       0x50 src/FreeRTOS-Source/queue.o
                0x000012c8                vQueueAddToRegistry
 .text.vQueueWaitForMessageRestricted
                0x00001318       0x78 src/FreeRTOS-Source/queue.o
                0x00001318                vQueueWaitForMessageRestricted
 .text.prvNotifyQueueSetContainer
                0x00001390       0xa4 src/FreeRTOS-Source/queue.o
 .text.xTaskCreate
                0x00001434       0xa0 src/FreeRTOS-Source/tasks.o
                0x00001434                xTaskCreate
 .text.prvInitialiseNewTask
                0x000014d4      0x124 src/FreeRTOS-Source/tasks.o
 .text.prvAddNewTaskToReadyList
                0x000015f8       0xe4 src/FreeRTOS-Source/tasks.o
 .text.vTaskDelayUntil
                0x000016dc       0xc8 src/FreeRTOS-Source/tasks.o
                0x000016dc                vTaskDelayUntil
 .text.vTaskStartScheduler
                0x000017a4       0x8c src/FreeRTOS-Source/tasks.o
                0x000017a4                vTaskStartScheduler
 .text.vTaskSuspendAll
                0x00001830       0x18 src/FreeRTOS-Source/tasks.o
                0x00001830                vTaskSuspendAll
 .text.xTaskResumeAll
                0x00001848      0x134 src/FreeRTOS-Source/tasks.o
                0x00001848                xTaskResumeAll
 .text.xTaskGetTickCount
                0x0000197c       0x1c src/FreeRTOS-Source/tasks.o
                0x0000197c                xTaskGetTickCount
 .text.xTaskGetTickCountFromISR
                0x00001998       0x20 src/FreeRTOS-Source/tasks.o
                0x00001998                xTaskGetTickCountFromISR
 .text.xTaskIncrementTick
                0x000019b8      0x180 src/FreeRTOS-Source/tasks.o
                0x000019b8                xTaskIncrementTick
 .text.vTaskSwitchContext
                0x00001b38      0x134 src/FreeRTOS-Source/tasks.o
                0x00001b38                vTaskSwitchContext
 .text.vTaskPlaceOnEventList
                0x00001c6c       0x44 src/FreeRTOS-Source/tasks.o
                0x00001c6c                vTaskPlaceOnEventList
 .text.vTaskPlaceOnEventListRestricted
                0x00001cb0       0x54 src/FreeRTOS-Source/tasks.o
                0x00001cb0                vTaskPlaceOnEventListRestricted
 .text.xTaskRemoveFromEventList
                0x00001d04       0xc0 src/FreeRTOS-Source/tasks.o
                0x00001d04                xTaskRemoveFromEventList
 .text.vTaskInternalSetTimeOutState
                0x00001dc4       0x28 src/FreeRTOS-Source/tasks.o
                0x00001dc4                vTaskInternalSetTimeOutState
 .text.xTaskCheckForTimeOut
                0x00001dec       0xac src/FreeRTOS-Source/tasks.o
                0x00001dec                xTaskCheckForTimeOut
 .text.vTaskMissedYield
                0x00001e98       0x14 src/FreeRTOS-Source/tasks.o
                0x00001e98                vTaskMissedYield
 .text.prvIdleTask
                0x00001eac       0x28 src/FreeRTOS-Source/tasks.o
 .text.prvInitialiseTaskLists
                0x00001ed4       0x8c src/FreeRTOS-Source/tasks.o
 .text.prvCheckTasksWaitingTermination
                0x00001f60       0x6c src/FreeRTOS-Source/tasks.o
 .text.prvDeleteTCB
                0x00001fcc       0x28 src/FreeRTOS-Source/tasks.o
 .text.prvResetNextTaskUnblockTime
                0x00001ff4       0x3c src/FreeRTOS-Source/tasks.o
 .text.xTaskGetSchedulerState
                0x00002030       0x38 src/FreeRTOS-Source/tasks.o
                0x00002030                xTaskGetSchedulerState
 .text.xTaskPriorityDisinherit
                0x00002068       0xc0 src/FreeRTOS-Source/tasks.o
                0x00002068                xTaskPriorityDisinherit
 .text.prvAddCurrentTaskToDelayedList
                0x00002128       0xb4 src/FreeRTOS-Source/tasks.o
 .text.xTimerCreateTimerTask
                0x000021dc       0x5c src/FreeRTOS-Source/timers.o
                0x000021dc                xTimerCreateTimerTask
 .text.xTimerGenericCommand
                0x00002238       0xa8 src/FreeRTOS-Source/timers.o
                0x00002238                xTimerGenericCommand
 .text.prvProcessExpiredTimer
                0x000022e0       0x94 src/FreeRTOS-Source/timers.o
 .text.prvTimerTask
                0x00002374       0x34 src/FreeRTOS-Source/timers.o
 .text.prvProcessTimerOrBlockTask
                0x000023a8       0xa8 src/FreeRTOS-Source/timers.o
 .text.prvGetNextExpireTime
                0x00002450       0x44 src/FreeRTOS-Source/timers.o
 .text.prvSampleTimeNow
                0x00002494       0x48 src/FreeRTOS-Source/timers.o
 .text.prvInsertTimerInActiveList
                0x000024dc       0x88 src/FreeRTOS-Source/timers.o
 .text.prvProcessReceivedCommands
                0x00002564      0x17c src/FreeRTOS-Source/timers.o
 .text.prvSwitchTimerLists
                0x000026e0       0xc8 src/FreeRTOS-Source/timers.o
 .text.prvCheckForValidListAndQueue
                0x000027a8       0x88 src/FreeRTOS-Source/timers.o
 .text.SERCOM0_Handler
                0x00002830       0x18 src/ASF/sam0/drivers/sercom/sercom_interrupt.o
                0x00002830                SERCOM0_Handler
 .text.SERCOM1_Handler
                0x00002848       0x18 src/ASF/sam0/drivers/sercom/sercom_interrupt.o
                0x00002848                SERCOM1_Handler
 .text.SERCOM2_Handler
                0x00002860       0x18 src/ASF/sam0/drivers/sercom/sercom_interrupt.o
                0x00002860                SERCOM2_Handler
 .text.SERCOM3_Handler
                0x00002878       0x18 src/ASF/sam0/drivers/sercom/sercom_interrupt.o
                0x00002878                SERCOM3_Handler
 .text.SERCOM4_Handler
                0x00002890       0x18 src/ASF/sam0/drivers/sercom/sercom_interrupt.o
                0x00002890                SERCOM4_Handler
 .text.SERCOM5_Handler
                0x000028a8       0x18 src/ASF/sam0/drivers/sercom/sercom_interrupt.o
                0x000028a8                SERCOM5_Handler
 .text.main     0x000028c0       0x1c src/main.o
                0x000028c0                main
 .text.prvSetupHardware
                0x000028dc       0x14 src/main.o
 .text.vApplicationMallocFailedHook
                0x000028f0        0x8 src/main.o
                0x000028f0                vApplicationMallocFailedHook
 .text.vApplicationStackOverflowHook
                0x000028f8        0xe src/main.o
                0x000028f8                vApplicationStackOverflowHook
 .text.vApplicationTickHook
                0x00002906        0xa src/main.o
                0x00002906                vApplicationTickHook
 .text.vMainConfigureTimerForRunTimeStats
                0x00002910       0x34 src/main.o
                0x00002910                vMainConfigureTimerForRunTimeStats
 .text.ulMainGetRunTimeCounterValue
                0x00002944       0xa0 src/main.o
                0x00002944                ulMainGetRunTimeCounterValue
 .text.cpu_irq_enter_critical
                0x000029e4       0x54 src/ASF/common/utils/interrupt/interrupt_sam_nvic.o
                0x000029e4                cpu_irq_enter_critical
 .text.cpu_irq_leave_critical
                0x00002a38       0x40 src/ASF/common/utils/interrupt/interrupt_sam_nvic.o
                0x00002a38                cpu_irq_leave_critical
 .text.system_pinmux_get_group_from_gpio_pin
                0x00002a78       0x60 src/ASF/sam0/boards/samd20_xplained_pro/board_init.o
 .text.port_get_group_from_gpio_pin
                0x00002ad8       0x24 src/ASF/sam0/boards/samd20_xplained_pro/board_init.o
 .text.port_get_config_defaults
                0x00002afc       0x1c src/ASF/sam0/boards/samd20_xplained_pro/board_init.o
 .text.port_pin_set_output_level
                0x00002b18       0x54 src/ASF/sam0/boards/samd20_xplained_pro/board_init.o
 .text.system_board_init
                0x00002b6c       0x50 src/ASF/sam0/boards/samd20_xplained_pro/board_init.o
                0x00002b6c                board_init
                0x00002b6c                system_board_init
 .text.system_pinmux_get_config_defaults
                0x00002bbc       0x22 src/ASF/sam0/drivers/port/port.o
 *fill*         0x00002bde        0x2 
 .text.port_pin_set_config
                0x00002be0       0x54 src/ASF/sam0/drivers/port/port.o
                0x00002be0                port_pin_set_config
 .text.system_gclk_gen_get_config_defaults
                0x00002c34       0x2e src/ASF/sam0/drivers/system/clock/clock.o
 .text.system_gclk_chan_get_config_defaults
                0x00002c62       0x1c src/ASF/sam0/drivers/system/clock/clock.o
 .text.system_clock_source_osc8m_get_config_defaults
                0x00002c7e       0x22 src/ASF/sam0/drivers/system/clock/clock.o
 .text.system_clock_source_dfll_get_config_defaults
                0x00002ca0       0x58 src/ASF/sam0/drivers/system/clock/clock.o
 .text.system_main_clock_set_failure_detect
                0x00002cf8       0x44 src/ASF/sam0/drivers/system/clock/clock.o
 .text.system_cpu_clock_set_divider
                0x00002d3c       0x20 src/ASF/sam0/drivers/system/clock/clock.o
 .text.system_apb_clock_set_divider
                0x00002d5c       0x54 src/ASF/sam0/drivers/system/clock/clock.o
 .text.system_flash_set_waitstates
                0x00002db0       0x34 src/ASF/sam0/drivers/system/clock/clock.o
 .text._system_dfll_wait_for_sync
                0x00002de4       0x1c src/ASF/sam0/drivers/system/clock/clock.o
 .text._system_clock_source_dfll_set_config_errata_9905
                0x00002e00       0x44 src/ASF/sam0/drivers/system/clock/clock.o
 .text.system_clock_source_get_hz
                0x00002e44       0xa4 src/ASF/sam0/drivers/system/clock/clock.o
                0x00002e44                system_clock_source_get_hz
 .text.system_clock_source_osc8m_set_config
                0x00002ee8       0x78 src/ASF/sam0/drivers/system/clock/clock.o
                0x00002ee8                system_clock_source_osc8m_set_config
 .text.system_clock_source_dfll_set_config
                0x00002f60       0x98 src/ASF/sam0/drivers/system/clock/clock.o
                0x00002f60                system_clock_source_dfll_set_config
 .text.system_clock_source_enable
                0x00002ff8       0x94 src/ASF/sam0/drivers/system/clock/clock.o
                0x00002ff8                system_clock_source_enable
 .text.system_clock_init
                0x0000308c      0x1b0 src/ASF/sam0/drivers/system/clock/clock.o
                0x0000308c                system_clock_init
 .text.system_gclk_is_syncing
                0x0000323c       0x20 src/ASF/sam0/drivers/system/clock/gclk.o
 .text.system_apb_clock_set_mask
                0x0000325c       0x5c src/ASF/sam0/drivers/system/clock/gclk.o
 .text.system_interrupt_enter_critical_section
                0x000032b8       0x14 src/ASF/sam0/drivers/system/clock/gclk.o
 .text.system_interrupt_leave_critical_section
                0x000032cc       0x14 src/ASF/sam0/drivers/system/clock/gclk.o
 .text.system_gclk_init
                0x000032e0       0x30 src/ASF/sam0/drivers/system/clock/gclk.o
                0x000032e0                system_gclk_init
 .text.system_gclk_gen_set_config
                0x00003310      0x124 src/ASF/sam0/drivers/system/clock/gclk.o
                0x00003310                system_gclk_gen_set_config
 .text.system_gclk_gen_enable
                0x00003434       0x5c src/ASF/sam0/drivers/system/clock/gclk.o
                0x00003434                system_gclk_gen_enable
 .text.system_gclk_gen_get_hz
                0x00003490       0xd8 src/ASF/sam0/drivers/system/clock/gclk.o
                0x00003490                system_gclk_gen_get_hz
 .text.system_gclk_chan_set_config
                0x00003568       0x58 src/ASF/sam0/drivers/system/clock/gclk.o
                0x00003568                system_gclk_chan_set_config
 .text.system_gclk_chan_enable
                0x000035c0       0x48 src/ASF/sam0/drivers/system/clock/gclk.o
                0x000035c0                system_gclk_chan_enable
 .text.system_gclk_chan_disable
                0x00003608       0x5c src/ASF/sam0/drivers/system/clock/gclk.o
                0x00003608                system_gclk_chan_disable
 .text.system_gclk_chan_get_hz
                0x00003664       0x58 src/ASF/sam0/drivers/system/clock/gclk.o
                0x00003664                system_gclk_chan_get_hz
 .text.system_pinmux_get_group_from_gpio_pin
                0x000036bc       0x60 src/ASF/sam0/drivers/system/pinmux/pinmux.o
 .text._system_pinmux_config
                0x0000371c       0xdc src/ASF/sam0/drivers/system/pinmux/pinmux.o
 .text.system_pinmux_pin_set_config
                0x000037f8       0x48 src/ASF/sam0/drivers/system/pinmux/pinmux.o
                0x000037f8                system_pinmux_pin_set_config
 .text.HardFault_Handler
                0x00003840        0x6 src/ASF/sam0/drivers/system/system.o
                0x00003840                HardFault_Handler
 *fill*         0x00003846        0x2 
 .text.system_init
                0x00003848       0x1c src/ASF/sam0/drivers/system/system.o
                0x00003848                system_init
 .text.Reset_Handler
                0x00003864       0x84 src/ASF/sam0/utils/cmsis/samd20/source/gcc/startup_samd20.o
                0x00003864                Reset_Handler
 .text.Dummy_Handler
                0x000038e8        0x6 src/ASF/sam0/utils/cmsis/samd20/source/gcc/startup_samd20.o
                0x000038e8                TC2_Handler
                0x000038e8                AC_Handler
                0x000038e8                NMI_Handler
                0x000038e8                TC7_Handler
                0x000038e8                ADC_Handler
                0x000038e8                RTC_Handler
                0x000038e8                EIC_Handler
                0x000038e8                TC6_Handler
                0x000038e8                WDT_Handler
                0x000038e8                TC4_Handler
                0x000038e8                TC1_Handler
                0x000038e8                TC3_Handler
                0x000038e8                Dummy_Handler
                0x000038e8                PM_Handler
                0x000038e8                SVC_Handler
                0x000038e8                EVSYS_Handler
                0x000038e8                NVMCTRL_Handler
                0x000038e8                DAC_Handler
                0x000038e8                TC0_Handler
                0x000038e8                TC5_Handler
                0x000038e8                SYSCTRL_Handler
 *fill*         0x000038ee        0x2 
 .text          0x000038f0      0x114 d:/program files (x86)/atmel/studio/7.0/toolchain/arm/arm-gnu-toolchain/bin/../lib/gcc/arm-none-eabi/6.3.1/thumb/v6-m\libgcc.a(_udivsi3.o)
                0x000038f0                __aeabi_uidiv
                0x000038f0                __udivsi3
                0x000039fc                __aeabi_uidivmod
 .text          0x00003a04        0x4 d:/program files (x86)/atmel/studio/7.0/toolchain/arm/arm-gnu-toolchain/bin/../lib/gcc/arm-none-eabi/6.3.1/thumb/v6-m\libgcc.a(_dvmd_tls.o)
                0x00003a04                __aeabi_idiv0
                0x00003a04                __aeabi_ldiv0
 .text.__libc_init_array
                0x00003a08       0x48 d:/program files (x86)/atmel/studio/7.0/toolchain/arm/arm-gnu-toolchain/bin/../lib/gcc/arm-none-eabi/6.3.1/../../../../arm-none-eabi/lib/thumb/v6-m\libc.a(lib_a-init.o)
                0x00003a08                __libc_init_array
 .text.memcpy   0x00003a50       0x84 d:/program files (x86)/atmel/studio/7.0/toolchain/arm/arm-gnu-toolchain/bin/../lib/gcc/arm-none-eabi/6.3.1/../../../../arm-none-eabi/lib/thumb/v6-m\libc.a(lib_a-memcpy-stub.o)
                0x00003a50                memcpy
 .text.memset   0x00003ad4       0x94 d:/program files (x86)/atmel/studio/7.0/toolchain/arm/arm-gnu-toolchain/bin/../lib/gcc/arm-none-eabi/6.3.1/../../../../arm-none-eabi/lib/thumb/v6-m\libc.a(lib_a-memset.o)
                0x00003ad4                memset
 .text.startup.register_fini
                0x00003b68       0x18 d:/program files (x86)/atmel/studio/7.0/toolchain/arm/arm-gnu-toolchain/bin/../lib/gcc/arm-none-eabi/6.3.1/../../../../arm-none-eabi/lib/thumb/v6-m\libc.a(lib_a-__call_atexit.o)
 .text.atexit   0x00003b80       0x10 d:/program files (x86)/atmel/studio/7.0/toolchain/arm/arm-gnu-toolchain/bin/../lib/gcc/arm-none-eabi/6.3.1/../../../../arm-none-eabi/lib/thumb/v6-m\libc.a(lib_a-atexit.o)
                0x00003b80                atexit
 .text.__libc_fini_array
                0x00003b90       0x34 d:/program files (x86)/atmel/studio/7.0/toolchain/arm/arm-gnu-toolchain/bin/../lib/gcc/arm-none-eabi/6.3.1/../../../../arm-none-eabi/lib/thumb/v6-m\libc.a(lib_a-fini.o)
                0x00003b90                __libc_fini_array
 .text.__retarget_lock_acquire_recursive
                0x00003bc4        0x4 d:/program files (x86)/atmel/studio/7.0/toolchain/arm/arm-gnu-toolchain/bin/../lib/gcc/arm-none-eabi/6.3.1/../../../../arm-none-eabi/lib/thumb/v6-m\libc.a(lib_a-lock.o)
                0x00003bc4                __retarget_lock_acquire_recursive
 .text.__retarget_lock_release_recursive
                0x00003bc8        0x4 d:/program files (x86)/atmel/studio/7.0/toolchain/arm/arm-gnu-toolchain/bin/../lib/gcc/arm-none-eabi/6.3.1/../../../../arm-none-eabi/lib/thumb/v6-m\libc.a(lib_a-lock.o)
                0x00003bc8                __retarget_lock_release_recursive
 .text.__register_exitproc
                0x00003bcc       0xf4 d:/program files (x86)/atmel/studio/7.0/toolchain/arm/arm-gnu-toolchain/bin/../lib/gcc/arm-none-eabi/6.3.1/../../../../arm-none-eabi/lib/thumb/v6-m\libc.a(lib_a-__atexit.o)
                0x00003bcc                __register_exitproc
 *(.glue_7t)
 .glue_7t       0x00003cc0        0x0 linker stubs
 *(.glue_7)
 .glue_7        0x00003cc0        0x0 linker stubs
 *(.rodata .rodata* .gnu.linkonce.r.*)
 .rodata        0x00003cc0        0x7 src/main-blinky.o
 *fill*         0x00003cc7        0x1 
 .rodata        0x00003cc8       0x30 src/FreeRTOS-Source/tasks.o
 .rodata        0x00003cf8        0xd src/FreeRTOS-Source/timers.o
 *fill*         0x00003d05        0x3 
 .rodata.prvProcessReceivedCommands
                0x00003d08       0x28 src/FreeRTOS-Source/timers.o
 .rodata.system_clock_source_get_hz
                0x00003d30       0x20 src/ASF/sam0/drivers/system/clock/clock.o
 .rodata.system_clock_source_enable
                0x00003d50       0x20 src/ASF/sam0/drivers/system/clock/clock.o
 .rodata._global_impure_ptr
                0x00003d70        0x4 d:/program files (x86)/atmel/studio/7.0/toolchain/arm/arm-gnu-toolchain/bin/../lib/gcc/arm-none-eabi/6.3.1/../../../../arm-none-eabi/lib/thumb/v6-m\libc.a(lib_a-impure.o)
                0x00003d70                _global_impure_ptr
 *(.ARM.extab* .gnu.linkonce.armextab.*)
                0x00003d74                . = ALIGN (0x4)
 *(.init)
 .init          0x00003d74        0x4 d:/program files (x86)/atmel/studio/7.0/toolchain/arm/arm-gnu-toolchain/bin/../lib/gcc/arm-none-eabi/6.3.1/thumb/v6-m/crti.o
                0x00003d74                _init
 .init          0x00003d78        0x8 d:/program files (x86)/atmel/studio/7.0/toolchain/arm/arm-gnu-toolchain/bin/../lib/gcc/arm-none-eabi/6.3.1/thumb/v6-m/crtn.o
                0x00003d80                . = ALIGN (0x4)
                0x00003d80                __preinit_array_start = .
 *(.preinit_array)
                0x00003d80                __preinit_array_end = .
                0x00003d80                . = ALIGN (0x4)
                0x00003d80                __init_array_start = .
 *(SORT(.init_array.*))
 .init_array.00000
                0x00003d80        0x4 d:/program files (x86)/atmel/studio/7.0/toolchain/arm/arm-gnu-toolchain/bin/../lib/gcc/arm-none-eabi/6.3.1/../../../../arm-none-eabi/lib/thumb/v6-m\libc.a(lib_a-__call_atexit.o)
 *(.init_array)
 .init_array    0x00003d84        0x4 d:/program files (x86)/atmel/studio/7.0/toolchain/arm/arm-gnu-toolchain/bin/../lib/gcc/arm-none-eabi/6.3.1/thumb/v6-m/crtbegin.o
                0x00003d88                __init_array_end = .
                0x00003d88                . = ALIGN (0x4)
 *crtbegin.o(.ctors)
 *(EXCLUDE_FILE(*crtend.o) .ctors)
 *(SORT(.ctors.*))
 *crtend.o(.ctors)
                0x00003d88                . = ALIGN (0x4)
 *(.fini)
 .fini          0x00003d88        0x4 d:/program files (x86)/atmel/studio/7.0/toolchain/arm/arm-gnu-toolchain/bin/../lib/gcc/arm-none-eabi/6.3.1/thumb/v6-m/crti.o
                0x00003d88                _fini
 .fini          0x00003d8c        0x8 d:/program files (x86)/atmel/studio/7.0/toolchain/arm/arm-gnu-toolchain/bin/../lib/gcc/arm-none-eabi/6.3.1/thumb/v6-m/crtn.o
                0x00003d94                . = ALIGN (0x4)
                0x00003d94                __fini_array_start = .
 *(.fini_array)
 .fini_array    0x00003d94        0x4 d:/program files (x86)/atmel/studio/7.0/toolchain/arm/arm-gnu-toolchain/bin/../lib/gcc/arm-none-eabi/6.3.1/thumb/v6-m/crtbegin.o
 *(SORT(.fini_array.*))
                0x00003d98                __fini_array_end = .
 *crtbegin.o(.dtors)
 *(EXCLUDE_FILE(*crtend.o) .dtors)
 *(SORT(.dtors.*))
 *crtend.o(.dtors)
                0x00003d98                . = ALIGN (0x4)
                0x00003d98                _efixed = .
                [!provide]                PROVIDE (__exidx_start, .)

.vfp11_veneer   0x00003d98        0x0
 .vfp11_veneer  0x00003d98        0x0 linker stubs

.v4_bx          0x00003d98        0x0
 .v4_bx         0x00003d98        0x0 linker stubs

.iplt           0x00003d98        0x0
 .iplt          0x00003d98        0x0 d:/program files (x86)/atmel/studio/7.0/toolchain/arm/arm-gnu-toolchain/bin/../lib/gcc/arm-none-eabi/6.3.1/thumb/v6-m/crtbegin.o

.eh_frame       0x00003d98        0x0
 .eh_frame      0x00003d98        0x0 d:/program files (x86)/atmel/studio/7.0/toolchain/arm/arm-gnu-toolchain/bin/../lib/gcc/arm-none-eabi/6.3.1/thumb/v6-m/crtbegin.o

.rel.dyn        0x00003d98        0x0
 .rel.iplt      0x00003d98        0x0 d:/program files (x86)/atmel/studio/7.0/toolchain/arm/arm-gnu-toolchain/bin/../lib/gcc/arm-none-eabi/6.3.1/thumb/v6-m/crtbegin.o

.jcr            0x00003d98        0x0
 .jcr           0x00003d98        0x0 d:/program files (x86)/atmel/studio/7.0/toolchain/arm/arm-gnu-toolchain/bin/../lib/gcc/arm-none-eabi/6.3.1/thumb/v6-m/crtbegin.o

.igot.plt       0x00003d98        0x0
 .igot.plt      0x00003d98        0x0 d:/program files (x86)/atmel/studio/7.0/toolchain/arm/arm-gnu-toolchain/bin/../lib/gcc/arm-none-eabi/6.3.1/thumb/v6-m/crtbegin.o

.ARM.exidx
 *(.ARM.exidx* .gnu.linkonce.armexidx.*)
                [!provide]                PROVIDE (__exidx_end, .)
                0x00003d98                . = ALIGN (0x4)
                0x00003d98                _etext = .

.relocate       0x20000000      0x434 load address 0x00003d98
                0x20000000                . = ALIGN (0x4)
                0x20000000                _srelocate = .
 *(.ramfunc .ramfunc.*)
 *(.data .data.*)
 .data.uxCriticalNesting
                0x20000000        0x4 src/FreeRTOS-Source/portable/port.o
 .data.g_interrupt_enabled
                0x20000004        0x1 src/ASF/common/utils/interrupt/interrupt_sam_nvic.o
                0x20000004                g_interrupt_enabled
 *fill*         0x20000005        0x3 
 .data.impure_data
                0x20000008      0x428 d:/program files (x86)/atmel/studio/7.0/toolchain/arm/arm-gnu-toolchain/bin/../lib/gcc/arm-none-eabi/6.3.1/../../../../arm-none-eabi/lib/thumb/v6-m\libc.a(lib_a-impure.o)
 .data.__atexit_recursive_mutex
                0x20000430        0x4 d:/program files (x86)/atmel/studio/7.0/toolchain/arm/arm-gnu-toolchain/bin/../lib/gcc/arm-none-eabi/6.3.1/../../../../arm-none-eabi/lib/thumb/v6-m\libc.a(lib_a-__call_atexit.o)
                0x20000430                __atexit_recursive_mutex
                0x20000434                . = ALIGN (0x4)
                0x20000434                _erelocate = .

.bss            0x20000434     0x409c load address 0x000041cc
                0x20000434                . = ALIGN (0x4)
                0x20000434                _sbss = .
                0x20000434                _szero = .
 *(.bss .bss.*)
 .bss           0x20000434       0x1c d:/program files (x86)/atmel/studio/7.0/toolchain/arm/arm-gnu-toolchain/bin/../lib/gcc/arm-none-eabi/6.3.1/thumb/v6-m/crtbegin.o
 .bss.xQueue    0x20000450        0x4 src/main-blinky.o
 .bss.ucHeap    0x20000454     0x3e80 src/FreeRTOS-Source/portable/heap_4.o
 .bss.xStart    0x200042d4        0x8 src/FreeRTOS-Source/portable/heap_4.o
 .bss.pxEnd     0x200042dc        0x4 src/FreeRTOS-Source/portable/heap_4.o
 .bss.xFreeBytesRemaining
                0x200042e0        0x4 src/FreeRTOS-Source/portable/heap_4.o
 .bss.xMinimumEverFreeBytesRemaining
                0x200042e4        0x4 src/FreeRTOS-Source/portable/heap_4.o
 .bss.xBlockAllocatedBit
                0x200042e8        0x4 src/FreeRTOS-Source/portable/heap_4.o
 .bss.pxCurrentTCB
                0x200042ec        0x4 src/FreeRTOS-Source/tasks.o
                0x200042ec                pxCurrentTCB
 .bss.pxReadyTasksLists
                0x200042f0       0x64 src/FreeRTOS-Source/tasks.o
 .bss.xDelayedTaskList1
                0x20004354       0x14 src/FreeRTOS-Source/tasks.o
 .bss.xDelayedTaskList2
                0x20004368       0x14 src/FreeRTOS-Source/tasks.o
 .bss.pxDelayedTaskList
                0x2000437c        0x4 src/FreeRTOS-Source/tasks.o
 .bss.pxOverflowDelayedTaskList
                0x20004380        0x4 src/FreeRTOS-Source/tasks.o
 .bss.xPendingReadyList
                0x20004384       0x14 src/FreeRTOS-Source/tasks.o
 .bss.xTasksWaitingTermination
                0x20004398       0x14 src/FreeRTOS-Source/tasks.o
 .bss.uxDeletedTasksWaitingCleanUp
                0x200043ac        0x4 src/FreeRTOS-Source/tasks.o
 .bss.xSuspendedTaskList
                0x200043b0       0x14 src/FreeRTOS-Source/tasks.o
 .bss.uxCurrentNumberOfTasks
                0x200043c4        0x4 src/FreeRTOS-Source/tasks.o
 .bss.xTickCount
                0x200043c8        0x4 src/FreeRTOS-Source/tasks.o
 .bss.uxTopReadyPriority
                0x200043cc        0x4 src/FreeRTOS-Source/tasks.o
 .bss.xSchedulerRunning
                0x200043d0        0x4 src/FreeRTOS-Source/tasks.o
 .bss.uxPendedTicks
                0x200043d4        0x4 src/FreeRTOS-Source/tasks.o
 .bss.xYieldPending
                0x200043d8        0x4 src/FreeRTOS-Source/tasks.o
 .bss.xNumOfOverflows
                0x200043dc        0x4 src/FreeRTOS-Source/tasks.o
 .bss.uxTaskNumber
                0x200043e0        0x4 src/FreeRTOS-Source/tasks.o
 .bss.xNextTaskUnblockTime
                0x200043e4        0x4 src/FreeRTOS-Source/tasks.o
 .bss.xIdleTaskHandle
                0x200043e8        0x4 src/FreeRTOS-Source/tasks.o
 .bss.uxSchedulerSuspended
                0x200043ec        0x4 src/FreeRTOS-Source/tasks.o
 .bss.ulTaskSwitchedInTime
                0x200043f0        0x4 src/FreeRTOS-Source/tasks.o
 .bss.ulTotalRunTime
                0x200043f4        0x4 src/FreeRTOS-Source/tasks.o
 .bss.xActiveTimerList1
                0x200043f8       0x14 src/FreeRTOS-Source/timers.o
 .bss.xActiveTimerList2
                0x2000440c       0x14 src/FreeRTOS-Source/timers.o
 .bss.pxCurrentTimerList
                0x20004420        0x4 src/FreeRTOS-Source/timers.o
 .bss.pxOverflowTimerList
                0x20004424        0x4 src/FreeRTOS-Source/timers.o
 .bss.xTimerQueue
                0x20004428        0x4 src/FreeRTOS-Source/timers.o
 .bss.xTimerTaskHandle
                0x2000442c        0x4 src/FreeRTOS-Source/timers.o
 .bss.xLastTime.10391
                0x20004430        0x4 src/FreeRTOS-Source/timers.o
 .bss._sercom_interrupt_handlers
                0x20004434       0x18 src/ASF/sam0/drivers/sercom/sercom_interrupt.o
 .bss.ulClocksPer10thOfAMilliSecond
                0x2000444c        0x4 src/main.o
 .bss.cpu_irq_critical_section_counter
                0x20004450        0x4 src/ASF/common/utils/interrupt/interrupt_sam_nvic.o
 .bss.cpu_irq_prev_interrupt_state
                0x20004454        0x1 src/ASF/common/utils/interrupt/interrupt_sam_nvic.o
 *fill*         0x20004455        0x3 
 .bss._system_clock_inst
                0x20004458       0x14 src/ASF/sam0/drivers/system/clock/clock.o
 *(COMMON)
 COMMON         0x2000446c       0x40 src/FreeRTOS-Source/queue.o
                0x2000446c                xQueueRegistry
 COMMON         0x200044ac       0x21 d:/program files (x86)/atmel/studio/7.0/toolchain/arm/arm-gnu-toolchain/bin/../lib/gcc/arm-none-eabi/6.3.1/../../../../arm-none-eabi/lib/thumb/v6-m\libc.a(lib_a-lock.o)
                0x200044ac                __lock___atexit_recursive_mutex
                0x200044b0                __lock___arc4random_mutex
                0x200044b4                __lock___env_recursive_mutex
                0x200044b8                __lock___sinit_recursive_mutex
                0x200044bc                __lock___malloc_recursive_mutex
                0x200044c0                __lock___at_quick_exit_mutex
                0x200044c4                __lock___dd_hash_mutex
                0x200044c8                __lock___tz_mutex
                0x200044cc                __lock___sfp_recursive_mutex
                0x200044d0                . = ALIGN (0x4)
 *fill*         0x200044cd        0x3 
                0x200044d0                _ebss = .
                0x200044d0                _ezero = .

.stack          0x200044d0     0x2000 load address 0x00008268
                0x200044d0                . = ALIGN (0x8)
                0x200044d0                _sstack = .
                0x200064d0                . = (. + STACK_SIZE)
 *fill*         0x200044d0     0x2000 
                0x200064d0                . = ALIGN (0x8)
                0x200064d0                _estack = .
                0x200064d0                . = ALIGN (0x4)
                0x200064d0                _end = .
OUTPUT(RTOSDemo.elf elf32-littlearm)

.ARM.attributes
                0x00000000       0x28
 .ARM.attributes
                0x00000000       0x1e d:/program files (x86)/atmel/studio/7.0/toolchain/arm/arm-gnu-toolchain/bin/../lib/gcc/arm-none-eabi/6.3.1/thumb/v6-m/crti.o
 .ARM.attributes
                0x0000001e       0x2c d:/program files (x86)/atmel/studio/7.0/toolchain/arm/arm-gnu-toolchain/bin/../lib/gcc/arm-none-eabi/6.3.1/thumb/v6-m/crtbegin.o
 .ARM.attributes
                0x0000004a       0x32 src/main-blinky.o
 .ARM.attributes
                0x0000007c       0x32 src/FreeRTOS-Source/list.o
 .ARM.attributes
                0x000000ae       0x32 src/FreeRTOS-Source/portable/port.o
 .ARM.attributes
                0x000000e0       0x32 src/FreeRTOS-Source/portable/heap_4.o
 .ARM.attributes
                0x00000112       0x32 src/FreeRTOS-Source/queue.o
 .ARM.attributes
                0x00000144       0x32 src/FreeRTOS-Source/tasks.o
 .ARM.attributes
                0x00000176       0x32 src/FreeRTOS-Source/timers.o
 .ARM.attributes
                0x000001a8       0x32 src/ASF/sam0/drivers/sercom/sercom_interrupt.o
 .ARM.attributes
                0x000001da       0x32 src/main.o
 .ARM.attributes
                0x0000020c       0x32 src/ASF/common/utils/interrupt/interrupt_sam_nvic.o
 .ARM.attributes
                0x0000023e       0x32 src/ASF/sam0/boards/samd20_xplained_pro/board_init.o
 .ARM.attributes
                0x00000270       0x32 src/ASF/sam0/drivers/port/port.o
 .ARM.attributes
                0x000002a2       0x32 src/ASF/sam0/drivers/system/clock/clock.o
 .ARM.attributes
                0x000002d4       0x32 src/ASF/sam0/drivers/system/clock/gclk.o
 .ARM.attributes
                0x00000306       0x32 src/ASF/sam0/drivers/system/pinmux/pinmux.o
 .ARM.attributes
                0x00000338       0x32 src/ASF/sam0/drivers/system/system.o
 .ARM.attributes
                0x0000036a       0x32 src/ASF/sam0/utils/cmsis/samd20/source/gcc/startup_samd20.o
 .ARM.attributes
                0x0000039c       0x1e d:/program files (x86)/atmel/studio/7.0/toolchain/arm/arm-gnu-toolchain/bin/../lib/gcc/arm-none-eabi/6.3.1/thumb/v6-m\libgcc.a(_udivsi3.o)
 .ARM.attributes
                0x000003ba       0x1e d:/program files (x86)/atmel/studio/7.0/toolchain/arm/arm-gnu-toolchain/bin/../lib/gcc/arm-none-eabi/6.3.1/thumb/v6-m\libgcc.a(_dvmd_tls.o)
 .ARM.attributes
                0x000003d8       0x2c d:/program files (x86)/atmel/studio/7.0/toolchain/arm/arm-gnu-toolchain/bin/../lib/gcc/arm-none-eabi/6.3.1/../../../../arm-none-eabi/lib/thumb/v6-m\libc.a(lib_a-impure.o)
 .ARM.attributes
                0x00000404       0x2c d:/program files (x86)/atmel/studio/7.0/toolchain/arm/arm-gnu-toolchain/bin/../lib/gcc/arm-none-eabi/6.3.1/../../../../arm-none-eabi/lib/thumb/v6-m\libc.a(lib_a-init.o)
 .ARM.attributes
                0x00000430       0x2c d:/program files (x86)/atmel/studio/7.0/toolchain/arm/arm-gnu-toolchain/bin/../lib/gcc/arm-none-eabi/6.3.1/../../../../arm-none-eabi/lib/thumb/v6-m\libc.a(lib_a-memcpy-stub.o)
 .ARM.attributes
                0x0000045c       0x2c d:/program files (x86)/atmel/studio/7.0/toolchain/arm/arm-gnu-toolchain/bin/../lib/gcc/arm-none-eabi/6.3.1/../../../../arm-none-eabi/lib/thumb/v6-m\libc.a(lib_a-memset.o)
 .ARM.attributes
                0x00000488       0x2c d:/program files (x86)/atmel/studio/7.0/toolchain/arm/arm-gnu-toolchain/bin/../lib/gcc/arm-none-eabi/6.3.1/../../../../arm-none-eabi/lib/thumb/v6-m\libc.a(lib_a-__call_atexit.o)
 .ARM.attributes
                0x000004b4       0x2c d:/program files (x86)/atmel/studio/7.0/toolchain/arm/arm-gnu-toolchain/bin/../lib/gcc/arm-none-eabi/6.3.1/../../../../arm-none-eabi/lib/thumb/v6-m\libc.a(lib_a-atexit.o)
 .ARM.attributes
                0x000004e0       0x2c d:/program files (x86)/atmel/studio/7.0/toolchain/arm/arm-gnu-toolchain/bin/../lib/gcc/arm-none-eabi/6.3.1/../../../../arm-none-eabi/lib/thumb/v6-m\libc.a(lib_a-fini.o)
 .ARM.attributes
                0x0000050c       0x2c d:/program files (x86)/atmel/studio/7.0/toolchain/arm/arm-gnu-toolchain/bin/../lib/gcc/arm-none-eabi/6.3.1/../../../../arm-none-eabi/lib/thumb/v6-m\libc.a(lib_a-lock.o)
 .ARM.attributes
                0x00000538       0x2c d:/program files (x86)/atmel/studio/7.0/toolchain/arm/arm-gnu-toolchain/bin/../lib/gcc/arm-none-eabi/6.3.1/../../../../arm-none-eabi/lib/thumb/v6-m\libc.a(lib_a-__atexit.o)
 .ARM.attributes
                0x00000564       0x1e d:/program files (x86)/atmel/studio/7.0/toolchain/arm/arm-gnu-toolchain/bin/../lib/gcc/arm-none-eabi/6.3.1/thumb/v6-m/crtn.o

.comment        0x00000000       0x59
 .comment       0x00000000       0x59 src/main-blinky.o
                                 0x5a (size before relaxing)
 .comment       0x00000059       0x5a src/FreeRTOS-Source/list.o
 .comment       0x00000059       0x5a src/FreeRTOS-Source/portable/port.o
 .comment       0x00000059       0x5a src/FreeRTOS-Source/portable/heap_4.o
 .comment       0x00000059       0x5a src/FreeRTOS-Source/queue.o
 .comment       0x00000059       0x5a src/FreeRTOS-Source/tasks.o
 .comment       0x00000059       0x5a src/FreeRTOS-Source/timers.o
 .comment       0x00000059       0x5a src/ASF/sam0/drivers/sercom/sercom_interrupt.o
 .comment       0x00000059       0x5a src/main.o
 .comment       0x00000059       0x5a src/ASF/common/utils/interrupt/interrupt_sam_nvic.o
 .comment       0x00000059       0x5a src/ASF/sam0/boards/samd20_xplained_pro/board_init.o
 .comment       0x00000059       0x5a src/ASF/sam0/drivers/port/port.o
 .comment       0x00000059       0x5a src/ASF/sam0/drivers/system/clock/clock.o
 .comment       0x00000059       0x5a src/ASF/sam0/drivers/system/clock/gclk.o
 .comment       0x00000059       0x5a src/ASF/sam0/drivers/system/pinmux/pinmux.o
 .comment       0x00000059       0x5a src/ASF/sam0/drivers/system/system.o
 .comment       0x00000059       0x5a src/ASF/sam0/utils/cmsis/samd20/source/gcc/startup_samd20.o

.debug_info     0x00000000    0x23f5e
 .debug_info    0x00000000     0x2c8b src/main-blinky.o
 .debug_info    0x00002c8b     0x25de src/FreeRTOS-Source/list.o
 .debug_info    0x00005269     0x2651 src/FreeRTOS-Source/portable/port.o
 .debug_info    0x000078ba     0x2699 src/FreeRTOS-Source/portable/heap_4.o
 .debug_info    0x00009f53     0x3d71 src/FreeRTOS-Source/queue.o
 .debug_info    0x0000dcc4     0x44c4 src/FreeRTOS-Source/tasks.o
 .debug_info    0x00012188     0x3086 src/FreeRTOS-Source/timers.o
 .debug_info    0x0001520e     0x2428 src/ASF/sam0/drivers/sercom/sercom_interrupt.o
 .debug_info    0x00017636     0x25e8 src/main.o
 .debug_info    0x00019c1e      0xb0c src/ASF/common/utils/interrupt/interrupt_sam_nvic.o
 .debug_info    0x0001a72a     0x12d9 src/ASF/sam0/boards/samd20_xplained_pro/board_init.o
 .debug_info    0x0001ba03     0x12a1 src/ASF/sam0/drivers/port/port.o
 .debug_info    0x0001cca4     0x3347 src/ASF/sam0/drivers/system/clock/clock.o
 .debug_info    0x0001ffeb     0x1b19 src/ASF/sam0/drivers/system/clock/gclk.o
 .debug_info    0x00021b04     0x1523 src/ASF/sam0/drivers/system/pinmux/pinmux.o
 .debug_info    0x00023027      0xa7b src/ASF/sam0/drivers/system/system.o
 .debug_info    0x00023aa2      0x4bc src/ASF/sam0/utils/cmsis/samd20/source/gcc/startup_samd20.o

.debug_abbrev   0x00000000     0x30cd
 .debug_abbrev  0x00000000      0x323 src/main-blinky.o
 .debug_abbrev  0x00000323      0x296 src/FreeRTOS-Source/list.o
 .debug_abbrev  0x000005b9      0x363 src/FreeRTOS-Source/portable/port.o
 .debug_abbrev  0x0000091c      0x358 src/FreeRTOS-Source/portable/heap_4.o
 .debug_abbrev  0x00000c74      0x356 src/FreeRTOS-Source/queue.o
 .debug_abbrev  0x00000fca      0x392 src/FreeRTOS-Source/tasks.o
 .debug_abbrev  0x0000135c      0x33c src/FreeRTOS-Source/timers.o
 .debug_abbrev  0x00001698      0x2ab src/ASF/sam0/drivers/sercom/sercom_interrupt.o
 .debug_abbrev  0x00001943      0x313 src/main.o
 .debug_abbrev  0x00001c56      0x22e src/ASF/common/utils/interrupt/interrupt_sam_nvic.o
 .debug_abbrev  0x00001e84      0x2cb src/ASF/sam0/boards/samd20_xplained_pro/board_init.o
 .debug_abbrev  0x0000214f      0x27b src/ASF/sam0/drivers/port/port.o
 .debug_abbrev  0x000023ca      0x391 src/ASF/sam0/drivers/system/clock/clock.o
 .debug_abbrev  0x0000275b      0x35e src/ASF/sam0/drivers/system/clock/gclk.o
 .debug_abbrev  0x00002ab9      0x2f1 src/ASF/sam0/drivers/system/pinmux/pinmux.o
 .debug_abbrev  0x00002daa      0x1e1 src/ASF/sam0/drivers/system/system.o
 .debug_abbrev  0x00002f8b      0x142 src/ASF/sam0/utils/cmsis/samd20/source/gcc/startup_samd20.o

.debug_loc      0x00000000     0x302f
 .debug_loc     0x00000000      0x150 src/main-blinky.o
 .debug_loc     0x00000150      0x118 src/FreeRTOS-Source/list.o
 .debug_loc     0x00000268      0x1dc src/FreeRTOS-Source/portable/port.o
 .debug_loc     0x00000444      0x164 src/FreeRTOS-Source/portable/heap_4.o
 .debug_loc     0x000005a8      0x8f8 src/FreeRTOS-Source/queue.o
 .debug_loc     0x00000ea0      0xd1d src/FreeRTOS-Source/tasks.o
 .debug_loc     0x00001bbd      0x4f0 src/FreeRTOS-Source/timers.o
 .debug_loc     0x000020ad      0x1e8 src/ASF/sam0/drivers/sercom/sercom_interrupt.o
 .debug_loc     0x00002295      0x178 src/main.o
 .debug_loc     0x0000240d       0x64 src/ASF/common/utils/interrupt/interrupt_sam_nvic.o
 .debug_loc     0x00002471      0x118 src/ASF/sam0/boards/samd20_xplained_pro/board_init.o
 .debug_loc     0x00002589       0xa8 src/ASF/sam0/drivers/port/port.o
 .debug_loc     0x00002631      0x4ae src/ASF/sam0/drivers/system/clock/clock.o
 .debug_loc     0x00002adf      0x2a8 src/ASF/sam0/drivers/system/clock/gclk.o
 .debug_loc     0x00002d87      0x1c0 src/ASF/sam0/drivers/system/pinmux/pinmux.o
 .debug_loc     0x00002f47       0x84 src/ASF/sam0/drivers/system/system.o
 .debug_loc     0x00002fcb       0x64 src/ASF/sam0/utils/cmsis/samd20/source/gcc/startup_samd20.o

.debug_aranges  0x00000000      0x8e0
 .debug_aranges
                0x00000000       0x48 src/main-blinky.o
 .debug_aranges
                0x00000048       0x40 src/FreeRTOS-Source/list.o
 .debug_aranges
                0x00000088       0x88 src/FreeRTOS-Source/portable/port.o
 .debug_aranges
                0x00000110       0x50 src/FreeRTOS-Source/portable/heap_4.o
 .debug_aranges
                0x00000160      0x160 src/FreeRTOS-Source/queue.o
 .debug_aranges
                0x000002c0      0x200 src/FreeRTOS-Source/tasks.o
 .debug_aranges
                0x000004c0       0xd0 src/FreeRTOS-Source/timers.o
 .debug_aranges
                0x00000590       0x68 src/ASF/sam0/drivers/sercom/sercom_interrupt.o
 .debug_aranges
                0x000005f8       0x58 src/main.o
 .debug_aranges
                0x00000650       0x28 src/ASF/common/utils/interrupt/interrupt_sam_nvic.o
 .debug_aranges
                0x00000678       0x40 src/ASF/sam0/boards/samd20_xplained_pro/board_init.o
 .debug_aranges
                0x000006b8       0x30 src/ASF/sam0/drivers/port/port.o
 .debug_aranges
                0x000006e8       0xc8 src/ASF/sam0/drivers/system/clock/clock.o
 .debug_aranges
                0x000007b0       0x80 src/ASF/sam0/drivers/system/clock/gclk.o
 .debug_aranges
                0x00000830       0x58 src/ASF/sam0/drivers/system/pinmux/pinmux.o
 .debug_aranges
                0x00000888       0x30 src/ASF/sam0/drivers/system/system.o
 .debug_aranges
                0x000008b8       0x28 src/ASF/sam0/utils/cmsis/samd20/source/gcc/startup_samd20.o

.debug_ranges   0x00000000      0x7d0
 .debug_ranges  0x00000000       0x38 src/main-blinky.o
 .debug_ranges  0x00000038       0x30 src/FreeRTOS-Source/list.o
 .debug_ranges  0x00000068       0x78 src/FreeRTOS-Source/portable/port.o
 .debug_ranges  0x000000e0       0x40 src/FreeRTOS-Source/portable/heap_4.o
 .debug_ranges  0x00000120      0x150 src/FreeRTOS-Source/queue.o
 .debug_ranges  0x00000270      0x1f0 src/FreeRTOS-Source/tasks.o
 .debug_ranges  0x00000460       0xc0 src/FreeRTOS-Source/timers.o
 .debug_ranges  0x00000520       0x58 src/ASF/sam0/drivers/sercom/sercom_interrupt.o
 .debug_ranges  0x00000578       0x48 src/main.o
 .debug_ranges  0x000005c0       0x18 src/ASF/common/utils/interrupt/interrupt_sam_nvic.o
 .debug_ranges  0x000005d8       0x30 src/ASF/sam0/boards/samd20_xplained_pro/board_init.o
 .debug_ranges  0x00000608       0x20 src/ASF/sam0/drivers/port/port.o
 .debug_ranges  0x00000628       0xb8 src/ASF/sam0/drivers/system/clock/clock.o
 .debug_ranges  0x000006e0       0x70 src/ASF/sam0/drivers/system/clock/gclk.o
 .debug_ranges  0x00000750       0x48 src/ASF/sam0/drivers/system/pinmux/pinmux.o
 .debug_ranges  0x00000798       0x20 src/ASF/sam0/drivers/system/system.o
 .debug_ranges  0x000007b8       0x18 src/ASF/sam0/utils/cmsis/samd20/source/gcc/startup_samd20.o

.debug_macro    0x00000000     0x5cd8
 .debug_macro   0x00000000      0x607 src/main-blinky.o
 .debug_macro   0x00000607      0x5b5 src/FreeRTOS-Source/list.o
 .debug_macro   0x00000bbc      0x624 src/FreeRTOS-Source/portable/port.o
 .debug_macro   0x000011e0      0x5dc src/FreeRTOS-Source/portable/heap_4.o
 .debug_macro   0x000017bc      0x637 src/FreeRTOS-Source/queue.o
 .debug_macro   0x00001df3      0x6a1 src/FreeRTOS-Source/tasks.o
 .debug_macro   0x00002494       0x91 src/FreeRTOS-Source/tasks.o
 .debug_macro   0x00002525       0x10 src/FreeRTOS-Source/tasks.o
 .debug_macro   0x00002535      0x60a src/FreeRTOS-Source/timers.o
 .debug_macro   0x00002b3f      0x512 src/ASF/sam0/drivers/sercom/sercom_interrupt.o
 .debug_macro   0x00003051       0x94 src/ASF/sam0/drivers/sercom/sercom_interrupt.o
 .debug_macro   0x000030e5      0x5ea src/main.o
 .debug_macro   0x000036cf      0x49a src/ASF/common/utils/interrupt/interrupt_sam_nvic.o
 .debug_macro   0x00003b69      0x4d6 src/ASF/sam0/boards/samd20_xplained_pro/board_init.o
 .debug_macro   0x0000403f      0x4b4 src/ASF/sam0/drivers/port/port.o
 .debug_macro   0x000044f3      0x4d2 src/ASF/sam0/drivers/system/clock/clock.o
 .debug_macro   0x000049c5      0x220 src/ASF/sam0/drivers/system/clock/clock.o
 .debug_macro   0x00004be5      0x4c1 src/ASF/sam0/drivers/system/clock/gclk.o
 .debug_macro   0x000050a6      0x4ac src/ASF/sam0/drivers/system/pinmux/pinmux.o
 .debug_macro   0x00005552      0x4c2 src/ASF/sam0/drivers/system/system.o
 .debug_macro   0x00005a14      0x28a src/ASF/sam0/utils/cmsis/samd20/source/gcc/startup_samd20.o
 .debug_macro   0x00005c9e       0x3a src/ASF/sam0/utils/cmsis/samd20/source/gcc/startup_samd20.o

.debug_line     0x00000000     0xe524
 .debug_line    0x00000000      0xdc6 src/main-blinky.o
 .debug_line    0x00000dc6      0xd92 src/FreeRTOS-Source/list.o
 .debug_line    0x00001b58      0xe4a src/FreeRTOS-Source/portable/port.o
 .debug_line    0x000029a2      0xe51 src/FreeRTOS-Source/portable/heap_4.o
 .debug_line    0x000037f3     0x1597 src/FreeRTOS-Source/queue.o
 .debug_line    0x00004d8a     0x1912 src/FreeRTOS-Source/tasks.o
 .debug_line    0x0000669c     0x1043 src/FreeRTOS-Source/timers.o
 .debug_line    0x000076df      0xbab src/ASF/sam0/drivers/sercom/sercom_interrupt.o
 .debug_line    0x0000828a      0xdee src/main.o
 .debug_line    0x00009078      0xa05 src/ASF/common/utils/interrupt/interrupt_sam_nvic.o
 .debug_line    0x00009a7d      0xaf5 src/ASF/sam0/boards/samd20_xplained_pro/board_init.o
 .debug_line    0x0000a572      0xa36 src/ASF/sam0/drivers/port/port.o
 .debug_line    0x0000afa8      0xca4 src/ASF/sam0/drivers/system/clock/clock.o
 .debug_line    0x0000bc4c      0xbcc src/ASF/sam0/drivers/system/clock/gclk.o
 .debug_line    0x0000c818      0xb07 src/ASF/sam0/drivers/system/pinmux/pinmux.o
 .debug_line    0x0000d31f      0xa6c src/ASF/sam0/drivers/system/system.o
 .debug_line    0x0000dd8b      0x799 src/ASF/sam0/utils/cmsis/samd20/source/gcc/startup_samd20.o

.debug_str      0x00000000    0x521f3
 .debug_str     0x00000000    0x4ba81 src/main-blinky.o
                              0x4bff3 (size before relaxing)
 .debug_str     0x0004ba81      0x124 src/FreeRTOS-Source/list.o
                              0x4af4e (size before relaxing)
 .debug_str     0x0004bba5      0x495 src/FreeRTOS-Source/portable/port.o
                              0x4b9c4 (size before relaxing)
 .debug_str     0x0004c03a      0x2c7 src/FreeRTOS-Source/portable/heap_4.o
                              0x4b74c (size before relaxing)
 .debug_str     0x0004c301      0xa39 src/FreeRTOS-Source/queue.o
                              0x4c888 (size before relaxing)
 .debug_str     0x0004cd3a     0x1bb3 src/FreeRTOS-Source/tasks.o
                              0x4d5b4 (size before relaxing)
 .debug_str     0x0004e8ed      0x4e5 src/FreeRTOS-Source/timers.o
                              0x4cb78 (size before relaxing)
 .debug_str     0x0004edd2      0x544 src/ASF/sam0/drivers/sercom/sercom_interrupt.o
                              0x45324 (size before relaxing)
 .debug_str     0x0004f316      0x130 src/main.o
                              0x4b77f (size before relaxing)
 .debug_str     0x0004f446       0x94 src/ASF/common/utils/interrupt/interrupt_sam_nvic.o
                              0x44070 (size before relaxing)
 .debug_str     0x0004f4da      0x155 src/ASF/sam0/boards/samd20_xplained_pro/board_init.o
                              0x46a07 (size before relaxing)
 .debug_str     0x0004f62f       0xaa src/ASF/sam0/drivers/port/port.o
                              0x4447b (size before relaxing)
 .debug_str     0x0004f6d9     0x22ef src/ASF/sam0/drivers/system/clock/clock.o
                              0x46858 (size before relaxing)
 .debug_str     0x000519c8      0x1df src/ASF/sam0/drivers/system/clock/gclk.o
                              0x44b2d (size before relaxing)
 .debug_str     0x00051ba7      0x294 src/ASF/sam0/drivers/system/pinmux/pinmux.o
                              0x4460c (size before relaxing)
 .debug_str     0x00051e3b       0x3b src/ASF/sam0/drivers/system/system.o
                              0x440a7 (size before relaxing)
 .debug_str     0x00051e76      0x37d src/ASF/sam0/utils/cmsis/samd20/source/gcc/startup_samd20.o
                              0x36e8d (size before relaxing)

.debug_frame    0x00000000     0x1f94
 .debug_frame   0x00000000       0xd0 src/main-blinky.o
 .debug_frame   0x000000d0       0xb0 src/FreeRTOS-Source/list.o
 .debug_frame   0x00000180      0x178 src/FreeRTOS-Source/portable/port.o
 .debug_frame   0x000002f8       0xe4 src/FreeRTOS-Source/portable/heap_4.o
 .debug_frame   0x000003dc      0x530 src/FreeRTOS-Source/queue.o
 .debug_frame   0x0000090c      0x7a0 src/FreeRTOS-Source/tasks.o
 .debug_frame   0x000010ac      0x2e8 src/FreeRTOS-Source/timers.o
 .debug_frame   0x00001394      0x138 src/ASF/sam0/drivers/sercom/sercom_interrupt.o
 .debug_frame   0x000014cc       0xf8 src/main.o
 .debug_frame   0x000015c4       0x4c src/ASF/common/utils/interrupt/interrupt_sam_nvic.o
 .debug_frame   0x00001610       0xb0 src/ASF/sam0/boards/samd20_xplained_pro/board_init.o
 .debug_frame   0x000016c0       0x70 src/ASF/sam0/drivers/port/port.o
 .debug_frame   0x00001730      0x2c4 src/ASF/sam0/drivers/system/clock/clock.o
 .debug_frame   0x000019f4      0x1a0 src/ASF/sam0/drivers/system/clock/gclk.o
 .debug_frame   0x00001b94      0x110 src/ASF/sam0/drivers/system/pinmux/pinmux.o
 .debug_frame   0x00001ca4       0x64 src/ASF/sam0/drivers/system/system.o
 .debug_frame   0x00001d08       0x4c src/ASF/sam0/utils/cmsis/samd20/source/gcc/startup_samd20.o
 .debug_frame   0x00001d54       0x20 d:/program files (x86)/atmel/studio/7.0/toolchain/arm/arm-gnu-toolchain/bin/../lib/gcc/arm-none-eabi/6.3.1/thumb/v6-m\libgcc.a(_udivsi3.o)
 .debug_frame   0x00001d74       0x2c d:/program files (x86)/atmel/studio/7.0/toolchain/arm/arm-gnu-toolchain/bin/../lib/gcc/arm-none-eabi/6.3.1/../../../../arm-none-eabi/lib/thumb/v6-m\libc.a(lib_a-init.o)
 .debug_frame   0x00001da0       0x30 d:/program files (x86)/atmel/studio/7.0/toolchain/arm/arm-gnu-toolchain/bin/../lib/gcc/arm-none-eabi/6.3.1/../../../../arm-none-eabi/lib/thumb/v6-m\libc.a(lib_a-memcpy-stub.o)
 .debug_frame   0x00001dd0       0x30 d:/program files (x86)/atmel/studio/7.0/toolchain/arm/arm-gnu-toolchain/bin/../lib/gcc/arm-none-eabi/6.3.1/../../../../arm-none-eabi/lib/thumb/v6-m\libc.a(lib_a-memset.o)
 .debug_frame   0x00001e00       0x54 d:/program files (x86)/atmel/studio/7.0/toolchain/arm/arm-gnu-toolchain/bin/../lib/gcc/arm-none-eabi/6.3.1/../../../../arm-none-eabi/lib/thumb/v6-m\libc.a(lib_a-__call_atexit.o)
 .debug_frame   0x00001e54       0x28 d:/program files (x86)/atmel/studio/7.0/toolchain/arm/arm-gnu-toolchain/bin/../lib/gcc/arm-none-eabi/6.3.1/../../../../arm-none-eabi/lib/thumb/v6-m\libc.a(lib_a-atexit.o)
 .debug_frame   0x00001e7c       0x2c d:/program files (x86)/atmel/studio/7.0/toolchain/arm/arm-gnu-toolchain/bin/../lib/gcc/arm-none-eabi/6.3.1/../../../../arm-none-eabi/lib/thumb/v6-m\libc.a(lib_a-fini.o)
 .debug_frame   0x00001ea8       0xb0 d:/program files (x86)/atmel/studio/7.0/toolchain/arm/arm-gnu-toolchain/bin/../lib/gcc/arm-none-eabi/6.3.1/../../../../arm-none-eabi/lib/thumb/v6-m\libc.a(lib_a-lock.o)
 .debug_frame   0x00001f58       0x3c d:/program files (x86)/atmel/studio/7.0/toolchain/arm/arm-gnu-toolchain/bin/../lib/gcc/arm-none-eabi/6.3.1/../../../../arm-none-eabi/lib/thumb/v6-m\libc.a(lib_a-__atexit.o)

Cross Reference Table

Symbol                                            File
AC_Handler                                        src/ASF/sam0/utils/cmsis/samd20/source/gcc/startup_samd20.o
ADC_Handler                                       src/ASF/sam0/utils/cmsis/samd20/source/gcc/startup_samd20.o
DAC_Handler                                       src/ASF/sam0/utils/cmsis/samd20/source/gcc/startup_samd20.o
Dummy_Handler                                     src/ASF/sam0/utils/cmsis/samd20/source/gcc/startup_samd20.o
EIC_Handler                                       src/ASF/sam0/utils/cmsis/samd20/source/gcc/startup_samd20.o
EVSYS_Handler                                     src/ASF/sam0/utils/cmsis/samd20/source/gcc/startup_samd20.o
FreeRTOS_CLIGetOutputBuffer                       src/FreeRTOS-CLI/FreeRTOS_CLI.o
                                                  src/UARTCommandConsole.o
FreeRTOS_CLIGetParameter                          src/FreeRTOS-CLI/FreeRTOS_CLI.o
                                                  src/Sample-CLI-commands.o
FreeRTOS_CLIProcessCommand                        src/FreeRTOS-CLI/FreeRTOS_CLI.o
                                                  src/UARTCommandConsole.o
FreeRTOS_CLIRegisterCommand                       src/FreeRTOS-CLI/FreeRTOS_CLI.o
                                                  src/Sample-CLI-commands.o
HardFault_Handler                                 src/ASF/sam0/drivers/system/system.o
NMI_Handler                                       src/ASF/sam0/utils/cmsis/samd20/source/gcc/startup_samd20.o
NVMCTRL_Handler                                   src/ASF/sam0/utils/cmsis/samd20/source/gcc/startup_samd20.o
PM_Handler                                        src/ASF/sam0/utils/cmsis/samd20/source/gcc/startup_samd20.o
PendSV_Handler                                    src/FreeRTOS-Source/portable/port.o
RTC_Handler                                       src/ASF/sam0/utils/cmsis/samd20/source/gcc/startup_samd20.o
Reset_Handler                                     src/ASF/sam0/utils/cmsis/samd20/source/gcc/startup_samd20.o
SERCOM0_Handler                                   src/ASF/sam0/drivers/sercom/sercom_interrupt.o
SERCOM1_Handler                                   src/ASF/sam0/drivers/sercom/sercom_interrupt.o
SERCOM2_Handler                                   src/ASF/sam0/drivers/sercom/sercom_interrupt.o
SERCOM3_Handler                                   src/ASF/sam0/drivers/sercom/sercom_interrupt.o
SERCOM4_Handler                                   src/ASF/sam0/drivers/sercom/sercom_interrupt.o
SERCOM5_Handler                                   src/ASF/sam0/drivers/sercom/sercom_interrupt.o
SVC_Handler                                       src/ASF/sam0/utils/cmsis/samd20/source/gcc/startup_samd20.o
SYSCTRL_Handler                                   src/ASF/sam0/utils/cmsis/samd20/source/gcc/startup_samd20.o
SysTick_Handler                                   src/FreeRTOS-Source/portable/port.o
SystemCoreClock                                   src/ASF/sam0/utils/cmsis/samd20/source/system_samd20.o
SystemCoreClockUpdate                             src/ASF/sam0/utils/cmsis/samd20/source/system_samd20.o
SystemInit                                        src/ASF/sam0/utils/cmsis/samd20/source/system_samd20.o
TC0_Handler                                       src/ASF/sam0/utils/cmsis/samd20/source/gcc/startup_samd20.o
TC1_Handler                                       src/ASF/sam0/utils/cmsis/samd20/source/gcc/startup_samd20.o
TC2_Handler                                       src/ASF/sam0/utils/cmsis/samd20/source/gcc/startup_samd20.o
TC3_Handler                                       src/ASF/sam0/utils/cmsis/samd20/source/gcc/startup_samd20.o
TC4_Handler                                       src/ASF/sam0/utils/cmsis/samd20/source/gcc/startup_samd20.o
TC5_Handler                                       src/ASF/sam0/utils/cmsis/samd20/source/gcc/startup_samd20.o
TC6_Handler                                       src/ASF/sam0/utils/cmsis/samd20/source/gcc/startup_samd20.o
TC7_Handler                                       src/ASF/sam0/utils/cmsis/samd20/source/gcc/startup_samd20.o
WDT_Handler                                       src/ASF/sam0/utils/cmsis/samd20/source/gcc/startup_samd20.o
_Jv_RegisterClasses                               d:/program files (x86)/atmel/studio/7.0/toolchain/arm/arm-gnu-toolchain/bin/../lib/gcc/arm-none-eabi/6.3.1/thumb/v6-m/crtbegin.o
__aeabi_idiv0                                     d:/program files (x86)/atmel/studio/7.0/toolchain/arm/arm-gnu-toolchain/bin/../lib/gcc/arm-none-eabi/6.3.1/thumb/v6-m\libgcc.a(_dvmd_tls.o)
                                                  d:/program files (x86)/atmel/studio/7.0/toolchain/arm/arm-gnu-toolchain/bin/../lib/gcc/arm-none-eabi/6.3.1/thumb/v6-m\libgcc.a(_udivsi3.o)
__aeabi_ldiv0                                     d:/program files (x86)/atmel/studio/7.0/toolchain/arm/arm-gnu-toolchain/bin/../lib/gcc/arm-none-eabi/6.3.1/thumb/v6-m\libgcc.a(_dvmd_tls.o)
                                                  d:/program files (x86)/atmel/studio/7.0/toolchain/arm/arm-gnu-toolchain/bin/../lib/gcc/arm-none-eabi/6.3.1/thumb/v6-m\libgcc.a(_aeabi_uldivmod.o)
__aeabi_uidiv                                     d:/program files (x86)/atmel/studio/7.0/toolchain/arm/arm-gnu-toolchain/bin/../lib/gcc/arm-none-eabi/6.3.1/thumb/v6-m\libgcc.a(_udivsi3.o)
                                                  src/ASF/sam0/drivers/system/clock/gclk.o
                                                  src/main.o
                                                  src/ASF/sam0/drivers/sercom/sercom.o
                                                  src/FreeRTOS-Source/tasks.o
                                                  src/FreeRTOS-Source/portable/port.o
                                                  src/printf-stdarg.o
__aeabi_uidivmod                                  d:/program files (x86)/atmel/studio/7.0/toolchain/arm/arm-gnu-toolchain/bin/../lib/gcc/arm-none-eabi/6.3.1/thumb/v6-m\libgcc.a(_udivsi3.o)
                                                  src/printf-stdarg.o
                                                  src/Common-Demo-Tasks/QueueSet.o
__aeabi_uldivmod                                  d:/program files (x86)/atmel/studio/7.0/toolchain/arm/arm-gnu-toolchain/bin/../lib/gcc/arm-none-eabi/6.3.1/thumb/v6-m\libgcc.a(_aeabi_uldivmod.o)
                                                  src/ASF/sam0/drivers/sercom/sercom.o
__atexit_recursive_mutex                          d:/program files (x86)/atmel/studio/7.0/toolchain/arm/arm-gnu-toolchain/bin/../lib/gcc/arm-none-eabi/6.3.1/../../../../arm-none-eabi/lib/thumb/v6-m\libc.a(lib_a-__call_atexit.o)
                                                  d:/program files (x86)/atmel/studio/7.0/toolchain/arm/arm-gnu-toolchain/bin/../lib/gcc/arm-none-eabi/6.3.1/../../../../arm-none-eabi/lib/thumb/v6-m\libc.a(lib_a-__atexit.o)
__bss_end__                                       d:/program files (x86)/atmel/studio/7.0/toolchain/arm/arm-gnu-toolchain/bin/../lib/gcc/arm-none-eabi/6.3.1/../../../../arm-none-eabi/lib/thumb/v6-m/crt0.o
__bss_start__                                     d:/program files (x86)/atmel/studio/7.0/toolchain/arm/arm-gnu-toolchain/bin/../lib/gcc/arm-none-eabi/6.3.1/../../../../arm-none-eabi/lib/thumb/v6-m/crt0.o
__call_exitprocs                                  d:/program files (x86)/atmel/studio/7.0/toolchain/arm/arm-gnu-toolchain/bin/../lib/gcc/arm-none-eabi/6.3.1/../../../../arm-none-eabi/lib/thumb/v6-m\libc.a(lib_a-__call_atexit.o)
                                                  d:/program files (x86)/atmel/studio/7.0/toolchain/arm/arm-gnu-toolchain/bin/../lib/gcc/arm-none-eabi/6.3.1/../../../../arm-none-eabi/lib/thumb/v6-m\libc.a(lib_a-exit.o)
__clzdi2                                          d:/program files (x86)/atmel/studio/7.0/toolchain/arm/arm-gnu-toolchain/bin/../lib/gcc/arm-none-eabi/6.3.1/thumb/v6-m\libgcc.a(_clzdi2.o)
                                                  d:/program files (x86)/atmel/studio/7.0/toolchain/arm/arm-gnu-toolchain/bin/../lib/gcc/arm-none-eabi/6.3.1/thumb/v6-m\libgcc.a(_udivmoddi4.o)
__clzsi2                                          d:/program files (x86)/atmel/studio/7.0/toolchain/arm/arm-gnu-toolchain/bin/../lib/gcc/arm-none-eabi/6.3.1/thumb/v6-m\libgcc.a(_clzsi2.o)
                                                  d:/program files (x86)/atmel/studio/7.0/toolchain/arm/arm-gnu-toolchain/bin/../lib/gcc/arm-none-eabi/6.3.1/thumb/v6-m\libgcc.a(_clzdi2.o)
__deregister_frame_info                           d:/program files (x86)/atmel/studio/7.0/toolchain/arm/arm-gnu-toolchain/bin/../lib/gcc/arm-none-eabi/6.3.1/thumb/v6-m/crtbegin.o
__dso_handle                                      d:/program files (x86)/atmel/studio/7.0/toolchain/arm/arm-gnu-toolchain/bin/../lib/gcc/arm-none-eabi/6.3.1/thumb/v6-m/crtbegin.o
__fini_array_end                                  d:/program files (x86)/atmel/studio/7.0/toolchain/arm/arm-gnu-toolchain/bin/../lib/gcc/arm-none-eabi/6.3.1/../../../../arm-none-eabi/lib/thumb/v6-m\libc.a(lib_a-fini.o)
__fini_array_start                                d:/program files (x86)/atmel/studio/7.0/toolchain/arm/arm-gnu-toolchain/bin/../lib/gcc/arm-none-eabi/6.3.1/../../../../arm-none-eabi/lib/thumb/v6-m\libc.a(lib_a-fini.o)
__init_array_end                                  d:/program files (x86)/atmel/studio/7.0/toolchain/arm/arm-gnu-toolchain/bin/../lib/gcc/arm-none-eabi/6.3.1/../../../../arm-none-eabi/lib/thumb/v6-m\libc.a(lib_a-init.o)
__init_array_start                                d:/program files (x86)/atmel/studio/7.0/toolchain/arm/arm-gnu-toolchain/bin/../lib/gcc/arm-none-eabi/6.3.1/../../../../arm-none-eabi/lib/thumb/v6-m\libc.a(lib_a-init.o)
__libc_fini                                       d:/program files (x86)/atmel/studio/7.0/toolchain/arm/arm-gnu-toolchain/bin/../lib/gcc/arm-none-eabi/6.3.1/../../../../arm-none-eabi/lib/thumb/v6-m\libc.a(lib_a-__call_atexit.o)
__libc_fini_array                                 d:/program files (x86)/atmel/studio/7.0/toolchain/arm/arm-gnu-toolchain/bin/../lib/gcc/arm-none-eabi/6.3.1/../../../../arm-none-eabi/lib/thumb/v6-m\libc.a(lib_a-fini.o)
                                                  d:/program files (x86)/atmel/studio/7.0/toolchain/arm/arm-gnu-toolchain/bin/../lib/gcc/arm-none-eabi/6.3.1/../../../../arm-none-eabi/lib/thumb/v6-m\libc.a(lib_a-__call_atexit.o)
                                                  d:/program files (x86)/atmel/studio/7.0/toolchain/arm/arm-gnu-toolchain/bin/../lib/gcc/arm-none-eabi/6.3.1/../../../../arm-none-eabi/lib/thumb/v6-m/crt0.o
__libc_init_array                                 d:/program files (x86)/atmel/studio/7.0/toolchain/arm/arm-gnu-toolchain/bin/../lib/gcc/arm-none-eabi/6.3.1/../../../../arm-none-eabi/lib/thumb/v6-m\libc.a(lib_a-init.o)
                                                  src/ASF/sam0/utils/cmsis/samd20/source/gcc/startup_samd20.o
                                                  d:/program files (x86)/atmel/studio/7.0/toolchain/arm/arm-gnu-toolchain/bin/../lib/gcc/arm-none-eabi/6.3.1/../../../../arm-none-eabi/lib/thumb/v6-m/crt0.o
__lock___arc4random_mutex                         d:/program files (x86)/atmel/studio/7.0/toolchain/arm/arm-gnu-toolchain/bin/../lib/gcc/arm-none-eabi/6.3.1/../../../../arm-none-eabi/lib/thumb/v6-m\libc.a(lib_a-lock.o)
__lock___at_quick_exit_mutex                      d:/program files (x86)/atmel/studio/7.0/toolchain/arm/arm-gnu-toolchain/bin/../lib/gcc/arm-none-eabi/6.3.1/../../../../arm-none-eabi/lib/thumb/v6-m\libc.a(lib_a-lock.o)
__lock___atexit_recursive_mutex                   d:/program files (x86)/atmel/studio/7.0/toolchain/arm/arm-gnu-toolchain/bin/../lib/gcc/arm-none-eabi/6.3.1/../../../../arm-none-eabi/lib/thumb/v6-m\libc.a(lib_a-lock.o)
                                                  d:/program files (x86)/atmel/studio/7.0/toolchain/arm/arm-gnu-toolchain/bin/../lib/gcc/arm-none-eabi/6.3.1/../../../../arm-none-eabi/lib/thumb/v6-m\libc.a(lib_a-__call_atexit.o)
__lock___dd_hash_mutex                            d:/program files (x86)/atmel/studio/7.0/toolchain/arm/arm-gnu-toolchain/bin/../lib/gcc/arm-none-eabi/6.3.1/../../../../arm-none-eabi/lib/thumb/v6-m\libc.a(lib_a-lock.o)
__lock___env_recursive_mutex                      d:/program files (x86)/atmel/studio/7.0/toolchain/arm/arm-gnu-toolchain/bin/../lib/gcc/arm-none-eabi/6.3.1/../../../../arm-none-eabi/lib/thumb/v6-m\libc.a(lib_a-lock.o)
__lock___malloc_recursive_mutex                   d:/program files (x86)/atmel/studio/7.0/toolchain/arm/arm-gnu-toolchain/bin/../lib/gcc/arm-none-eabi/6.3.1/../../../../arm-none-eabi/lib/thumb/v6-m\libc.a(lib_a-lock.o)
__lock___sfp_recursive_mutex                      d:/program files (x86)/atmel/studio/7.0/toolchain/arm/arm-gnu-toolchain/bin/../lib/gcc/arm-none-eabi/6.3.1/../../../../arm-none-eabi/lib/thumb/v6-m\libc.a(lib_a-lock.o)
__lock___sinit_recursive_mutex                    d:/program files (x86)/atmel/studio/7.0/toolchain/arm/arm-gnu-toolchain/bin/../lib/gcc/arm-none-eabi/6.3.1/../../../../arm-none-eabi/lib/thumb/v6-m\libc.a(lib_a-lock.o)
__lock___tz_mutex                                 d:/program files (x86)/atmel/studio/7.0/toolchain/arm/arm-gnu-toolchain/bin/../lib/gcc/arm-none-eabi/6.3.1/../../../../arm-none-eabi/lib/thumb/v6-m\libc.a(lib_a-lock.o)
__preinit_array_end                               d:/program files (x86)/atmel/studio/7.0/toolchain/arm/arm-gnu-toolchain/bin/../lib/gcc/arm-none-eabi/6.3.1/../../../../arm-none-eabi/lib/thumb/v6-m\libc.a(lib_a-init.o)
__preinit_array_start                             d:/program files (x86)/atmel/studio/7.0/toolchain/arm/arm-gnu-toolchain/bin/../lib/gcc/arm-none-eabi/6.3.1/../../../../arm-none-eabi/lib/thumb/v6-m\libc.a(lib_a-init.o)
__register_exitproc                               d:/program files (x86)/atmel/studio/7.0/toolchain/arm/arm-gnu-toolchain/bin/../lib/gcc/arm-none-eabi/6.3.1/../../../../arm-none-eabi/lib/thumb/v6-m\libc.a(lib_a-__atexit.o)
                                                  d:/program files (x86)/atmel/studio/7.0/toolchain/arm/arm-gnu-toolchain/bin/../lib/gcc/arm-none-eabi/6.3.1/../../../../arm-none-eabi/lib/thumb/v6-m\libc.a(lib_a-atexit.o)
__register_frame_info                             d:/program files (x86)/atmel/studio/7.0/toolchain/arm/arm-gnu-toolchain/bin/../lib/gcc/arm-none-eabi/6.3.1/thumb/v6-m/crtbegin.o
__retarget_lock_acquire                           d:/program files (x86)/atmel/studio/7.0/toolchain/arm/arm-gnu-toolchain/bin/../lib/gcc/arm-none-eabi/6.3.1/../../../../arm-none-eabi/lib/thumb/v6-m\libc.a(lib_a-lock.o)
__retarget_lock_acquire_recursive                 d:/program files (x86)/atmel/studio/7.0/toolchain/arm/arm-gnu-toolchain/bin/../lib/gcc/arm-none-eabi/6.3.1/../../../../arm-none-eabi/lib/thumb/v6-m\libc.a(lib_a-lock.o)
                                                  d:/program files (x86)/atmel/studio/7.0/toolchain/arm/arm-gnu-toolchain/bin/../lib/gcc/arm-none-eabi/6.3.1/../../../../arm-none-eabi/lib/thumb/v6-m\libc.a(lib_a-__atexit.o)
                                                  d:/program files (x86)/atmel/studio/7.0/toolchain/arm/arm-gnu-toolchain/bin/../lib/gcc/arm-none-eabi/6.3.1/../../../../arm-none-eabi/lib/thumb/v6-m\libc.a(lib_a-__call_atexit.o)
__retarget_lock_close                             d:/program files (x86)/atmel/studio/7.0/toolchain/arm/arm-gnu-toolchain/bin/../lib/gcc/arm-none-eabi/6.3.1/../../../../arm-none-eabi/lib/thumb/v6-m\libc.a(lib_a-lock.o)
__retarget_lock_close_recursive                   d:/program files (x86)/atmel/studio/7.0/toolchain/arm/arm-gnu-toolchain/bin/../lib/gcc/arm-none-eabi/6.3.1/../../../../arm-none-eabi/lib/thumb/v6-m\libc.a(lib_a-lock.o)
__retarget_lock_init                              d:/program files (x86)/atmel/studio/7.0/toolchain/arm/arm-gnu-toolchain/bin/../lib/gcc/arm-none-eabi/6.3.1/../../../../arm-none-eabi/lib/thumb/v6-m\libc.a(lib_a-lock.o)
__retarget_lock_init_recursive                    d:/program files (x86)/atmel/studio/7.0/toolchain/arm/arm-gnu-toolchain/bin/../lib/gcc/arm-none-eabi/6.3.1/../../../../arm-none-eabi/lib/thumb/v6-m\libc.a(lib_a-lock.o)
__retarget_lock_release                           d:/program files (x86)/atmel/studio/7.0/toolchain/arm/arm-gnu-toolchain/bin/../lib/gcc/arm-none-eabi/6.3.1/../../../../arm-none-eabi/lib/thumb/v6-m\libc.a(lib_a-lock.o)
__retarget_lock_release_recursive                 d:/program files (x86)/atmel/studio/7.0/toolchain/arm/arm-gnu-toolchain/bin/../lib/gcc/arm-none-eabi/6.3.1/../../../../arm-none-eabi/lib/thumb/v6-m\libc.a(lib_a-lock.o)
                                                  d:/program files (x86)/atmel/studio/7.0/toolchain/arm/arm-gnu-toolchain/bin/../lib/gcc/arm-none-eabi/6.3.1/../../../../arm-none-eabi/lib/thumb/v6-m\libc.a(lib_a-__atexit.o)
                                                  d:/program files (x86)/atmel/studio/7.0/toolchain/arm/arm-gnu-toolchain/bin/../lib/gcc/arm-none-eabi/6.3.1/../../../../arm-none-eabi/lib/thumb/v6-m\libc.a(lib_a-__call_atexit.o)
__retarget_lock_try_acquire                       d:/program files (x86)/atmel/studio/7.0/toolchain/arm/arm-gnu-toolchain/bin/../lib/gcc/arm-none-eabi/6.3.1/../../../../arm-none-eabi/lib/thumb/v6-m\libc.a(lib_a-lock.o)
__retarget_lock_try_acquire_recursive             d:/program files (x86)/atmel/studio/7.0/toolchain/arm/arm-gnu-toolchain/bin/../lib/gcc/arm-none-eabi/6.3.1/../../../../arm-none-eabi/lib/thumb/v6-m\libc.a(lib_a-lock.o)
__stack                                           d:/program files (x86)/atmel/studio/7.0/toolchain/arm/arm-gnu-toolchain/bin/../lib/gcc/arm-none-eabi/6.3.1/../../../../arm-none-eabi/lib/thumb/v6-m/crt0.o
__udivmoddi4                                      d:/program files (x86)/atmel/studio/7.0/toolchain/arm/arm-gnu-toolchain/bin/../lib/gcc/arm-none-eabi/6.3.1/thumb/v6-m\libgcc.a(_udivmoddi4.o)
                                                  d:/program files (x86)/atmel/studio/7.0/toolchain/arm/arm-gnu-toolchain/bin/../lib/gcc/arm-none-eabi/6.3.1/thumb/v6-m\libgcc.a(_aeabi_uldivmod.o)
__udivsi3                                         d:/program files (x86)/atmel/studio/7.0/toolchain/arm/arm-gnu-toolchain/bin/../lib/gcc/arm-none-eabi/6.3.1/thumb/v6-m\libgcc.a(_udivsi3.o)
_erelocate                                        src/ASF/sam0/utils/cmsis/samd20/source/gcc/startup_samd20.o
_estack                                           src/ASF/sam0/utils/cmsis/samd20/source/gcc/startup_samd20.o
_etext                                            src/ASF/sam0/utils/cmsis/samd20/source/gcc/startup_samd20.o
_exit                                             d:/program files (x86)/atmel/studio/7.0/toolchain/arm/arm-gnu-toolchain/bin/../lib/gcc/arm-none-eabi/6.3.1/../../../../arm-none-eabi/lib/thumb/v6-m\libc.a(lib_a-exit.o)
_ezero                                            src/ASF/sam0/utils/cmsis/samd20/source/gcc/startup_samd20.o
_fini                                             d:/program files (x86)/atmel/studio/7.0/toolchain/arm/arm-gnu-toolchain/bin/../lib/gcc/arm-none-eabi/6.3.1/thumb/v6-m/crti.o
                                                  d:/program files (x86)/atmel/studio/7.0/toolchain/arm/arm-gnu-toolchain/bin/../lib/gcc/arm-none-eabi/6.3.1/../../../../arm-none-eabi/lib/thumb/v6-m\libc.a(lib_a-fini.o)
_global_impure_ptr                                d:/program files (x86)/atmel/studio/7.0/toolchain/arm/arm-gnu-toolchain/bin/../lib/gcc/arm-none-eabi/6.3.1/../../../../arm-none-eabi/lib/thumb/v6-m\libc.a(lib_a-impure.o)
                                                  d:/program files (x86)/atmel/studio/7.0/toolchain/arm/arm-gnu-toolchain/bin/../lib/gcc/arm-none-eabi/6.3.1/../../../../arm-none-eabi/lib/thumb/v6-m\libc.a(lib_a-__atexit.o)
                                                  d:/program files (x86)/atmel/studio/7.0/toolchain/arm/arm-gnu-toolchain/bin/../lib/gcc/arm-none-eabi/6.3.1/../../../../arm-none-eabi/lib/thumb/v6-m\libc.a(lib_a-__call_atexit.o)
                                                  d:/program files (x86)/atmel/studio/7.0/toolchain/arm/arm-gnu-toolchain/bin/../lib/gcc/arm-none-eabi/6.3.1/../../../../arm-none-eabi/lib/thumb/v6-m\libc.a(lib_a-exit.o)
_impure_ptr                                       d:/program files (x86)/atmel/studio/7.0/toolchain/arm/arm-gnu-toolchain/bin/../lib/gcc/arm-none-eabi/6.3.1/../../../../arm-none-eabi/lib/thumb/v6-m\libc.a(lib_a-impure.o)
_init                                             d:/program files (x86)/atmel/studio/7.0/toolchain/arm/arm-gnu-toolchain/bin/../lib/gcc/arm-none-eabi/6.3.1/thumb/v6-m/crti.o
                                                  d:/program files (x86)/atmel/studio/7.0/toolchain/arm/arm-gnu-toolchain/bin/../lib/gcc/arm-none-eabi/6.3.1/../../../../arm-none-eabi/lib/thumb/v6-m\libc.a(lib_a-init.o)
_mainCRTStartup                                   d:/program files (x86)/atmel/studio/7.0/toolchain/arm/arm-gnu-toolchain/bin/../lib/gcc/arm-none-eabi/6.3.1/../../../../arm-none-eabi/lib/thumb/v6-m/crt0.o
_sercom_get_async_baud_val                        src/ASF/sam0/drivers/sercom/sercom.o
                                                  src/ASF/sam0/drivers/sercom/usart/usart.o
_sercom_get_default_pad                           src/ASF/sam0/drivers/sercom/sercom.o
                                                  src/ASF/sam0/drivers/sercom/usart/usart.o
_sercom_get_interrupt_vector                      src/ASF/sam0/drivers/sercom/sercom_interrupt.o
                                                  src/UARTCommandConsole.o
_sercom_get_sercom_inst_index                     src/ASF/sam0/drivers/sercom/sercom_interrupt.o
                                                  src/ASF/sam0/drivers/sercom/usart/usart.o
_sercom_get_sync_baud_val                         src/ASF/sam0/drivers/sercom/sercom.o
                                                  src/ASF/sam0/drivers/sercom/usart/usart.o
_sercom_instances                                 src/ASF/sam0/drivers/sercom/sercom_interrupt.o
                                                  src/ASF/sam0/drivers/sercom/usart/usart_interrupt.o
                                                  src/ASF/sam0/drivers/sercom/usart/usart.o
_sercom_set_handler                               src/ASF/sam0/drivers/sercom/sercom_interrupt.o
                                                  src/ASF/sam0/drivers/sercom/usart/usart.o
_sfixed                                           src/ASF/sam0/utils/cmsis/samd20/source/gcc/startup_samd20.o
_srelocate                                        src/ASF/sam0/utils/cmsis/samd20/source/gcc/startup_samd20.o
_start                                            d:/program files (x86)/atmel/studio/7.0/toolchain/arm/arm-gnu-toolchain/bin/../lib/gcc/arm-none-eabi/6.3.1/../../../../arm-none-eabi/lib/thumb/v6-m/crt0.o
_system_dummy_init                                src/ASF/sam0/drivers/system/system.o
_szero                                            src/ASF/sam0/utils/cmsis/samd20/source/gcc/startup_samd20.o
_usart_interrupt_handler                          src/ASF/sam0/drivers/sercom/usart/usart_interrupt.o
                                                  src/ASF/sam0/drivers/sercom/usart/usart.o
_usart_read_buffer                                src/ASF/sam0/drivers/sercom/usart/usart_interrupt.o
_usart_write_buffer                               src/ASF/sam0/drivers/sercom/usart/usart_interrupt.o
atexit                                            d:/program files (x86)/atmel/studio/7.0/toolchain/arm/arm-gnu-toolchain/bin/../lib/gcc/arm-none-eabi/6.3.1/../../../../arm-none-eabi/lib/thumb/v6-m\libc.a(lib_a-atexit.o)
                                                  d:/program files (x86)/atmel/studio/7.0/toolchain/arm/arm-gnu-toolchain/bin/../lib/gcc/arm-none-eabi/6.3.1/../../../../arm-none-eabi/lib/thumb/v6-m\libc.a(lib_a-__call_atexit.o)
                                                  d:/program files (x86)/atmel/studio/7.0/toolchain/arm/arm-gnu-toolchain/bin/../lib/gcc/arm-none-eabi/6.3.1/../../../../arm-none-eabi/lib/thumb/v6-m/crt0.o
board_init                                        src/ASF/sam0/boards/samd20_xplained_pro/board_init.o
cpu_irq_enter_critical                            src/ASF/common/utils/interrupt/interrupt_sam_nvic.o
                                                  src/ASF/sam0/drivers/system/clock/gclk.o
cpu_irq_leave_critical                            src/ASF/common/utils/interrupt/interrupt_sam_nvic.o
                                                  src/ASF/sam0/drivers/system/clock/gclk.o
eTaskGetState                                     src/FreeRTOS-Source/tasks.o
                                                  src/Common-Demo-Tasks/recmutex.o
                                                  src/Common-Demo-Tasks/GenQTest.o
                                                  src/Common-Demo-Tasks/dynamic.o
exception_table                                   src/ASF/sam0/utils/cmsis/samd20/source/gcc/startup_samd20.o
exit                                              d:/program files (x86)/atmel/studio/7.0/toolchain/arm/arm-gnu-toolchain/bin/../lib/gcc/arm-none-eabi/6.3.1/../../../../arm-none-eabi/lib/thumb/v6-m\libc.a(lib_a-exit.o)
                                                  d:/program files (x86)/atmel/studio/7.0/toolchain/arm/arm-gnu-toolchain/bin/../lib/gcc/arm-none-eabi/6.3.1/../../../../arm-none-eabi/lib/thumb/v6-m/crt0.o
free                                              d:/program files (x86)/atmel/studio/7.0/toolchain/arm/arm-gnu-toolchain/bin/../lib/gcc/arm-none-eabi/6.3.1/../../../../arm-none-eabi/lib/thumb/v6-m\libc.a(lib_a-__call_atexit.o)
g_interrupt_enabled                               src/ASF/common/utils/interrupt/interrupt_sam_nvic.o
hardware_init_hook                                d:/program files (x86)/atmel/studio/7.0/toolchain/arm/arm-gnu-toolchain/bin/../lib/gcc/arm-none-eabi/6.3.1/../../../../arm-none-eabi/lib/thumb/v6-m/crt0.o
main                                              src/main.o
                                                  src/ASF/sam0/utils/cmsis/samd20/source/gcc/startup_samd20.o
                                                  d:/program files (x86)/atmel/studio/7.0/toolchain/arm/arm-gnu-toolchain/bin/../lib/gcc/arm-none-eabi/6.3.1/../../../../arm-none-eabi/lib/thumb/v6-m/crt0.o
main_blinky                                       src/main-blinky.o
                                                  src/main.o
main_full                                         src/main-full.o
malloc                                            d:/program files (x86)/atmel/studio/7.0/toolchain/arm/arm-gnu-toolchain/bin/../lib/gcc/arm-none-eabi/6.3.1/../../../../arm-none-eabi/lib/thumb/v6-m\libc.a(lib_a-__atexit.o)
memcpy                                            d:/program files (x86)/atmel/studio/7.0/toolchain/arm/arm-gnu-toolchain/bin/../lib/gcc/arm-none-eabi/6.3.1/../../../../arm-none-eabi/lib/thumb/v6-m\libc.a(lib_a-memcpy-stub.o)
                                                  src/FreeRTOS-Source/queue.o
                                                  src/Sample-CLI-commands.o
memset                                            d:/program files (x86)/atmel/studio/7.0/toolchain/arm/arm-gnu-toolchain/bin/../lib/gcc/arm-none-eabi/6.3.1/../../../../arm-none-eabi/lib/thumb/v6-m\libc.a(lib_a-memset.o)
                                                  src/FreeRTOS-Source/tasks.o
                                                  src/UARTCommandConsole.o
                                                  src/Sample-CLI-commands.o
                                                  d:/program files (x86)/atmel/studio/7.0/toolchain/arm/arm-gnu-toolchain/bin/../lib/gcc/arm-none-eabi/6.3.1/../../../../arm-none-eabi/lib/thumb/v6-m/crt0.o
pcQueueGetName                                    src/FreeRTOS-Source/queue.o
pcTaskGetName                                     src/FreeRTOS-Source/tasks.o
pcTimerGetName                                    src/FreeRTOS-Source/timers.o
port_group_set_config                             src/ASF/sam0/drivers/port/port.o
port_pin_set_config                               src/ASF/sam0/drivers/port/port.o
                                                  src/ASF/sam0/boards/samd20_xplained_pro/board_init.o
printf                                            src/printf-stdarg.o
pvPortMalloc                                      src/FreeRTOS-Source/portable/heap_4.o
                                                  src/FreeRTOS-Source/timers.o
                                                  src/FreeRTOS-Source/tasks.o
                                                  src/FreeRTOS-Source/queue.o
                                                  src/FreeRTOS-CLI/FreeRTOS_CLI.o
pvTaskIncrementMutexHeldCount                     src/FreeRTOS-Source/tasks.o
                                                  src/FreeRTOS-Source/queue.o
pvTimerGetTimerID                                 src/FreeRTOS-Source/timers.o
pxCurrentTCB                                      src/FreeRTOS-Source/tasks.o
                                                  src/FreeRTOS-Source/portable/port.o
pxPortInitialiseStack                             src/FreeRTOS-Source/portable/port.o
                                                  src/FreeRTOS-Source/tasks.o
sercom_set_gclk_generator                         src/ASF/sam0/drivers/sercom/sercom.o
                                                  src/ASF/sam0/drivers/sercom/usart/usart.o
snprintf                                          src/printf-stdarg.o
software_init_hook                                d:/program files (x86)/atmel/studio/7.0/toolchain/arm/arm-gnu-toolchain/bin/../lib/gcc/arm-none-eabi/6.3.1/../../../../arm-none-eabi/lib/thumb/v6-m/crt0.o
sprintf                                           src/printf-stdarg.o
                                                  src/FreeRTOS-Source/tasks.o
                                                  src/Sample-CLI-commands.o
strcpy                                            d:/program files (x86)/atmel/studio/7.0/toolchain/arm/arm-gnu-toolchain/bin/../lib/gcc/arm-none-eabi/6.3.1/../../../../arm-none-eabi/lib/thumb/v6-m\libc.a(lib_a-strcpy.o)
                                                  src/FreeRTOS-Source/tasks.o
                                                  src/UARTCommandConsole.o
                                                  src/Sample-CLI-commands.o
strlen                                            d:/program files (x86)/atmel/studio/7.0/toolchain/arm/arm-gnu-toolchain/bin/../lib/gcc/arm-none-eabi/6.3.1/../../../../arm-none-eabi/lib/thumb/v6-m\libc.a(lib_a-strlen-stub.o)
                                                  src/FreeRTOS-Source/tasks.o
                                                  src/FreeRTOS-CLI/FreeRTOS_CLI.o
                                                  src/UARTCommandConsole.o
                                                  src/Sample-CLI-commands.o
strncat                                           d:/program files (x86)/atmel/studio/7.0/toolchain/arm/arm-gnu-toolchain/bin/../lib/gcc/arm-none-eabi/6.3.1/../../../../arm-none-eabi/lib/thumb/v6-m\libc.a(lib_a-strncat.o)
                                                  src/Sample-CLI-commands.o
strncmp                                           d:/program files (x86)/atmel/studio/7.0/toolchain/arm/arm-gnu-toolchain/bin/../lib/gcc/arm-none-eabi/6.3.1/../../../../arm-none-eabi/lib/thumb/v6-m\libc.a(lib_a-strncmp.o)
                                                  src/FreeRTOS-CLI/FreeRTOS_CLI.o
strncpy                                           d:/program files (x86)/atmel/studio/7.0/toolchain/arm/arm-gnu-toolchain/bin/../lib/gcc/arm-none-eabi/6.3.1/../../../../arm-none-eabi/lib/thumb/v6-m\libc.a(lib_a-strncpy.o)
                                                  src/FreeRTOS-CLI/FreeRTOS_CLI.o
system_board_init                                 src/ASF/sam0/boards/samd20_xplained_pro/board_init.o
system_clock_init                                 src/ASF/sam0/drivers/system/clock/clock.o
system_clock_source_dfll_set_config               src/ASF/sam0/drivers/system/clock/clock.o
system_clock_source_disable                       src/ASF/sam0/drivers/system/clock/clock.o
system_clock_source_enable                        src/ASF/sam0/drivers/system/clock/clock.o
system_clock_source_get_hz                        src/ASF/sam0/drivers/system/clock/clock.o
                                                  src/ASF/sam0/drivers/system/clock/gclk.o
                                                  src/main.o
                                                  src/FreeRTOS-Source/portable/port.o
system_clock_source_is_ready                      src/ASF/sam0/drivers/system/clock/clock.o
system_clock_source_osc32k_set_config             src/ASF/sam0/drivers/system/clock/clock.o
system_clock_source_osc8m_set_config              src/ASF/sam0/drivers/system/clock/clock.o
system_clock_source_write_calibration             src/ASF/sam0/drivers/system/clock/clock.o
system_clock_source_xosc32k_set_config            src/ASF/sam0/drivers/system/clock/clock.o
system_clock_source_xosc_set_config               src/ASF/sam0/drivers/system/clock/clock.o
system_gclk_chan_disable                          src/ASF/sam0/drivers/system/clock/gclk.o
system_gclk_chan_enable                           src/ASF/sam0/drivers/system/clock/gclk.o
                                                  src/ASF/sam0/drivers/system/clock/clock.o
                                                  src/ASF/sam0/drivers/sercom/usart/usart.o
                                                  src/ASF/sam0/drivers/sercom/sercom.o
system_gclk_chan_get_hz                           src/ASF/sam0/drivers/system/clock/gclk.o
                                                  src/ASF/sam0/drivers/system/clock/clock.o
                                                  src/ASF/sam0/drivers/sercom/usart/usart.o
system_gclk_chan_set_config                       src/ASF/sam0/drivers/system/clock/gclk.o
                                                  src/ASF/sam0/drivers/system/clock/clock.o
                                                  src/ASF/sam0/drivers/sercom/usart/usart.o
                                                  src/ASF/sam0/drivers/sercom/sercom.o
system_gclk_gen_disable                           src/ASF/sam0/drivers/system/clock/gclk.o
system_gclk_gen_enable                            src/ASF/sam0/drivers/system/clock/gclk.o
                                                  src/ASF/sam0/drivers/system/clock/clock.o
system_gclk_gen_get_hz                            src/ASF/sam0/drivers/system/clock/gclk.o
system_gclk_gen_set_config                        src/ASF/sam0/drivers/system/clock/gclk.o
                                                  src/ASF/sam0/drivers/system/clock/clock.o
system_gclk_init                                  src/ASF/sam0/drivers/system/clock/gclk.o